BL51 BANKED LINKER/LOCATER V6.22                                                        12/20/2023  22:18:27  PAGE 1


BL51 BANKED LINKER/LOCATER V6.22, INVOKED BY:
F:\KEIL_V5\C51\BIN\BL51.EXE .\Objects\STARTUP.obj, .\Objects\main.obj, .\Objects\time.obj, ..\..\STC-B\STCBSP_V3.6.LIB T
>> O .\Objects\endcase PRINT (.\Listings\endcase.m51) RAMSIZE (256) XDATA (0X0000-0X7FFF)


MEMORY MODEL: SMALL


INPUT MODULES INCLUDED:
  .\Objects\STARTUP.obj (?C_STARTUP)
  .\Objects\main.obj (MAIN)
  .\Objects\time.obj (TIME)
  ..\..\STC-B\STCBSP_V3.6.LIB (ADC)
  ..\..\STC-B\STCBSP_V3.6.LIB (BEEP)
  ..\..\STC-B\STCBSP_V3.6.LIB (DISPLAYER)
  ..\..\STC-B\STCBSP_V3.6.LIB (KEY)
  ..\..\STC-B\STCBSP_V3.6.LIB (SYS)
  ..\..\STC-B\STCBSP_V3.6.LIB (M24C02)
  ..\..\STC-B\STCBSP_V3.6.LIB (FM_RADIO)
  ..\..\STC-B\STCBSP_V3.6.LIB (IR)
  ..\..\STC-B\STCBSP_V3.6.LIB (UART2)
  ..\..\STC-B\STCBSP_V3.6.LIB (UART1)
  F:\KEIL_V5\C51\LIB\C51S.LIB (?C_INIT)
  F:\KEIL_V5\C51\LIB\C51S.LIB (?C?COPY)
  F:\KEIL_V5\C51\LIB\C51S.LIB (?C?CLDPTR)
  F:\KEIL_V5\C51\LIB\C51S.LIB (?C?CLDOPTR)
  F:\KEIL_V5\C51\LIB\C51S.LIB (?C?CSTOPTR)
  F:\KEIL_V5\C51\LIB\C51S.LIB (?C?IMUL)
  F:\KEIL_V5\C51\LIB\C51S.LIB (?C?UIDIV)
  F:\KEIL_V5\C51\LIB\C51S.LIB (?C?ILDIX)
  F:\KEIL_V5\C51\LIB\C51S.LIB (?C?ILDPTR)
  F:\KEIL_V5\C51\LIB\C51S.LIB (?C?LMUL)
  F:\KEIL_V5\C51\LIB\C51S.LIB (?C?ULDIV)
  F:\KEIL_V5\C51\LIB\C51S.LIB (?C?SLDIV)
  F:\KEIL_V5\C51\LIB\C51S.LIB (?C?ULSHR)
  F:\KEIL_V5\C51\LIB\C51S.LIB (?C?SLSHR)
  F:\KEIL_V5\C51\LIB\C51S.LIB (?C?LLDCODE)
  F:\KEIL_V5\C51\LIB\C51S.LIB (?C?LSTXDATA)
  F:\KEIL_V5\C51\LIB\C51S.LIB (?C?OFFXADD)
  F:\KEIL_V5\C51\LIB\C51S.LIB (?C?ICALL)
  F:\KEIL_V5\C51\LIB\C51S.LIB (?C_IBP)


LINK MAP OF MODULE:  .\Objects\endcase (?C_STARTUP)


            TYPE    BASE      LENGTH    RELOCATION   SEGMENT NAME
            -----------------------------------------------------

            * * * * * * *   D A T A   M E M O R Y   * * * * * * *
            REG     0000H     0008H     ABSOLUTE     "REG BANK 0"
            DATA    0008H     0012H     UNIT         ?DT?SYS
            DATA    001AH     0006H     UNIT         ?DT?IR
            BIT     0020H.0   0001H.7   UNIT         ?BI?SYS
            BIT     0021H.7   0000H.1   UNIT         ?BI?ADC
            DATA    0022H     003CH     UNIT         ?DT?MAIN
            DATA    005EH     0012H     UNIT         _DATA_GROUP_
            DATA    0070H     0004H     UNIT         ?DT?TIME
BL51 BANKED LINKER/LOCATER V6.22                                                      12/20/2023  22:18:27  PAGE 2


            DATA    0074H     0002H     UNIT         ?DT?ADC
            DATA    0076H     0002H     UNIT         ?DT?GETULTRASONIC?SYS
            DATA    0078H     0002H     UNIT         ?DT?UART2
            DATA    007AH     0001H     UNIT         ?DT?KEY
            DATA    007BH     0001H     UNIT         ?C?LIB_DATA
            IDATA   007CH     0001H     UNIT         ?STACK

            * * * * * * *  X D A T A   M E M O R Y  * * * * * * *
            XDATA   0000H     006EH     UNIT         ?XD?SYS
            XDATA   006EH     001EH     UNIT         ?XD?ADC
            XDATA   008CH     0015H     UNIT         ?XD?UART2
            XDATA   00A1H     0015H     UNIT         ?XD?UART1
            XDATA   00B6H     000CH     UNIT         ?XD?DISPLAYER
            XDATA   00C2H     000AH     UNIT         ?XD?KEY
            XDATA   00CCH     0009H     UNIT         ?XD?FM_RADIO

            * * * * * * *   C O D E   M E M O R Y   * * * * * * *
            CODE    0000H     0003H     ABSOLUTE     
            CODE    0003H     0007H     UNIT         ?PR?GETADC?ADC
            CODE    000AH     0001H     UNIT         ?PR?_?NULLFUNC?SYS
            CODE    000BH     0003H     ABSOLUTE     
            CODE    000EH     0015H     UNIT         ?PR?DS1302_READ?TIME
            CODE    0023H     0003H     ABSOLUTE     
            CODE    0026H     0003H     UNIT         ?PR?_?RET0FUNC?SYS
            CODE    0029H     0001H     UNIT         ?PR?_?NULLFUNC0?UART2
                    002AH     0001H                  *** GAP ***
            CODE    002BH     0003H     ABSOLUTE     
            CODE    002EH     000DH     UNIT         ?PR?_WRITEDS1302?TIME
            CODE    003BH     0003H     ABSOLUTE     
            CODE    003EH     0003H     UNIT         ?PR?CLRBEEPPIN?SYS
                    0041H     0002H                  *** GAP ***
            CODE    0043H     0003H     ABSOLUTE     
            CODE    0046H     000DH     UNIT         ?PR?STOP?M24C02
            CODE    0053H     0003H     ABSOLUTE     
            CODE    0056H     0510H     UNIT         ?PR?DISPLAYCALLBACK?MAIN
            CODE    0566H     03E5H     UNIT         ?PR?NAV_CALLBACK?MAIN
            CODE    094BH     0378H     UNIT         ?C?LIB_CODE
            CODE    0CC3H     022CH     UNIT         ?CO?MAIN
            CODE    0EEFH     01D2H     UNIT         ?PR?UART2_ISR?UART2
            CODE    10C1H     01ACH     UNIT         ?PR?_?SYS_ADC_DRV?ADC
            CODE    126DH     0130H     UNIT         ?PR?UART1_ISR?UART1
            CODE    139DH     012BH     UNIT         ?C_INITSEG
            CODE    14C8H     0123H     UNIT         ?PR?_?SYS_KEY_DRV?KEY
            CODE    15EBH     0100H     UNIT         ?PR?MAIN?MAIN
            CODE    16EBH     00EDH     UNIT         ?PR?SYS_TASK_1MS?SYS
            CODE    17D8H     00E9H     UNIT         ?PR?_?SYS_DISPLAY_DRV?DISPLAYER
            CODE    18C1H     00B6H     UNIT         ?PR?SETFMRADIO?FM_RADIO
            CODE    1977H     00B5H     UNIT         ?PR?_UART2INIT?UART2
            CODE    1A2CH     00A8H     UNIT         ?PR?SYS_CCP_ISR?SYS
            CODE    1AD4H     0093H     UNIT         ?PR?SYS_TASK_10MS?SYS
            CODE    1B67H     008CH     UNIT         ?C_C51STARTUP
            CODE    1BF3H     008BH     UNIT         ?PR?SYS_TASK_IR?SYS
            CODE    1C7EH     0085H     UNIT         ?PR?SENTCALLBACK?MAIN
            CODE    1D03H     007DH     UNIT         ?PR?_SETEVENTCALLBACK?SYS
            CODE    1D80H     0078H     UNIT         ?PR?_SETBEEP?BEEP
            CODE    1DF8H     0077H     UNIT         ?PR?SYS_IRRXD_ISR?IR
            CODE    1E6FH     0077H     UNIT         ?PR?_UART1INIT?UART1
BL51 BANKED LINKER/LOCATER V6.22                                                      12/20/2023  22:18:27  PAGE 3


            CODE    1EE6H     006BH     UNIT         ?PR?COMCALLBACK?MAIN
            CODE    1F51H     005CH     UNIT         ?PR?GETFMRADIO?FM_RADIO
            CODE    1FADH     005BH     UNIT         ?PR?DS1302_GETTIME?TIME
            CODE    2008H     0053H     UNIT         ?PR?GETULTRASONIC?SYS
            CODE    205BH     0052H     UNIT         ?PR?SYS_TIMER0_ISR?SYS
            CODE    20ADH     0047H     UNIT         ?PR?SYS_TIMER0_INIT?SYS
            CODE    20F4H     0046H     UNIT         ?PR?_GETADCNAVACT?ADC
            CODE    213AH     0044H     UNIT         ?PR?_?SYS_FMRADIO_DRV?FM_RADIO
            CODE    217EH     0044H     UNIT         ?C?LDIV
            CODE    21C2H     0040H     UNIT         ?PR?_GETKEYACT?KEY
            CODE    2202H     003FH     UNIT         ?PR?SYS_TASK_100MS?SYS
            CODE    2241H     003FH     UNIT         ?PR?_IRPRINT?IR
            CODE    2280H     003EH     UNIT         ?PR?MYSTC_OS?SYS
            CODE    22BEH     0037H     UNIT         ?PR?UART485CALLBACK?MAIN
            CODE    22F5H     0035H     UNIT         ?PR?KEYCALLBACK?MAIN
            CODE    232AH     0031H     UNIT         ?PR?_ADCINIT?ADC
            CODE    235BH     0031H     UNIT         ?PR?_IRTXDSET?IR
            CODE    238CH     0031H     UNIT         ?PR?_SETUART2RXD?UART2
            CODE    23BDH     0031H     UNIT         ?PR?_SETUART1RXD?UART1
            CODE    23EEH     002FH     UNIT         ?PR?_UART2PRINT?UART2
            CODE    241DH     002BH     UNIT         ?PR?SYS_TASK_1S?SYS
            CODE    2448H     0028H     UNIT         ?PR?_?SYS_BEEP_DRV?BEEP
            CODE    2470H     0028H     UNIT         ?PR?_IIC_RADIO_WRITEBYTE?FM_RADIO
            CODE    2498H     0028H     UNIT         ?PR?_UART1PRINT?UART1
            CODE    24C0H     0025H     UNIT         ?PR?FMRADIOINIT?FM_RADIO
            CODE    24E5H     0024H     UNIT         ?PR?RESPONS?M24C02
            CODE    2509H     0024H     UNIT         ?PR?_WRITEBYTE?M24C02
            CODE    252DH     0022H     UNIT         ?PR?READBYTE?M24C02
            CODE    254FH     0020H     UNIT         ?PR?BEEPINIT?BEEP
            CODE    256FH     0020H     UNIT         ?PR?_SEG7PRINT?DISPLAYER
            CODE    258FH     001EH     UNIT         ?PR?INITIAL_DS1302?TIME
            CODE    25ADH     001DH     UNIT         ?PR?KEYINIT?KEY
            CODE    25CAH     001CH     UNIT         ?PR?_M24C02_READ?M24C02
            CODE    25E6H     001CH     UNIT         ?PR?IIC_RADIO_ACK?FM_RADIO
            CODE    2602H     001CH     UNIT         ?PR?GETIRSTATUS?IR
            CODE    261EH     001BH     UNIT         ?PR?DISPLAYERINIT?DISPLAYER
            CODE    2639H     0019H     UNIT         ?PR?_DS1302_WRITE?TIME
            CODE    2652H     0015H     UNIT         ?PR?_M24C02_WRITE?M24C02
            CODE    2667H     0013H     UNIT         ?PR?_DELAY?FM_RADIO
            CODE    267AH     0013H     UNIT         ?PR?IIC_RADIO_START?FM_RADIO
            CODE    268DH     0011H     UNIT         ?PR?_SETCCP0?SYS
            CODE    269EH     0010H     UNIT         ?PR?START?M24C02
            CODE    26AEH     0010H     UNIT         ?PR?_IRINIT?IR
            CODE    26BEH     000FH     UNIT         ?PR?_?SYS_GET_UART2RXDEVENT?UART2
            CODE    26CDH     000FH     UNIT         ?PR?_?SYS_GET_UART1RXDEVENT?UART1
            CODE    26DCH     000EH     UNIT         ?PR?_?SYS_GET_KNEVENT?ADC
            CODE    26EAH     000EH     UNIT         ?PR?_?SYS_GET_EXTADCEVENT?ADC
            CODE    26F8H     000EH     UNIT         ?PR?_?SYS_GET_KEYEVENT?KEY
            CODE    2706H     000CH     UNIT         ?PR?GETBEEPSTATUS?BEEP
            CODE    2712H     000CH     UNIT         ?PR?IIC_RADIO_STOP?FM_RADIO
            CODE    271EH     000BH     UNIT         ?PR?_READDS1302?TIME
            CODE    2729H     000BH     UNIT         ?PR?GETUART2TXSTATUS?UART2
            CODE    2734H     000BH     UNIT         ?PR?GETUART1TXSTATUS?UART1
            CODE    273FH     0009H     UNIT         ?CO?ADC
            CODE    2748H     0009H     UNIT         ?PR?_SETDISPLAYERAREA?DISPLAYER
            CODE    2751H     0009H     UNIT         ?PR?GETBEEPTIMER?SYS
            CODE    275AH     0009H     UNIT         ?PR?_SETBEEPTIMER?SYS
BL51 BANKED LINKER/LOCATER V6.22                                                      12/20/2023  22:18:27  PAGE 4


            CODE    2763H     0009H     UNIT         ?PR?_SETIRRXD?IR
            CODE    276CH     0007H     UNIT         ?PR?GETSYSPERFORMANCE?SYS
            CODE    2773H     0006H     UNIT         ?PR?ADC_ISR?ADC
            CODE    2779H     0006H     UNIT         ?PR?_LEDPRINT?DISPLAYER
            CODE    277FH     0006H     UNIT         ?PR?MYSTC_INIT?SYS
            CODE    2785H     0003H     UNIT         ?PR?GETIRRXNUM?IR



OVERLAY MAP OF MODULE:   .\Objects\endcase (?C_STARTUP)


SEGMENT                                     DATA_GROUP 
  +--> CALLED SEGMENT                     START    LENGTH
---------------------------------------------------------
?C_C51STARTUP                             -----    -----
  +--> ?PR?MAIN?MAIN
  +--> ?C_INITSEG

?PR?MAIN?MAIN                             -----    -----
  +--> ?PR?FMRADIOINIT?FM_RADIO
  +--> ?PR?INITIAL_DS1302?TIME
  +--> ?PR?KEYINIT?KEY
  +--> ?PR?DISPLAYERINIT?DISPLAYER
  +--> ?PR?_IRINIT?IR
  +--> ?PR?_ADCINIT?ADC
  +--> ?PR?BEEPINIT?BEEP
  +--> ?PR?_SETDISPLAYERAREA?DISPLAYER
  +--> ?PR?_SEG7PRINT?DISPLAYER
  +--> ?PR?_LEDPRINT?DISPLAYER
  +--> ?PR?_UART1INIT?UART1
  +--> ?PR?_UART2INIT?UART2
  +--> ?CO?MAIN
  +--> ?PR?_SETUART1RXD?UART1
  +--> ?PR?_SETUART2RXD?UART2
  +--> ?PR?_M24C02_READ?M24C02
  +--> ?PR?COMCALLBACK?MAIN
  +--> ?PR?_SETEVENTCALLBACK?SYS
  +--> ?PR?UART485CALLBACK?MAIN
  +--> ?PR?KEYCALLBACK?MAIN
  +--> ?PR?DISPLAYCALLBACK?MAIN
  +--> ?PR?NAV_CALLBACK?MAIN
  +--> ?PR?SENTCALLBACK?MAIN
  +--> ?PR?MYSTC_INIT?SYS
  +--> ?PR?MYSTC_OS?SYS

?PR?FMRADIOINIT?FM_RADIO                  005EH    0006H
  +--> ?PR?SETFMRADIO?FM_RADIO
  +--> ?PR?_?SYS_FMRADIO_DRV?FM_RADIO

?PR?SETFMRADIO?FM_RADIO                   0064H    0006H
  +--> ?PR?GETFMRADIO?FM_RADIO

?PR?GETFMRADIO?FM_RADIO                   006AH    0006H

?PR?_?SYS_FMRADIO_DRV?FM_RADIO            -----    -----
  +--> ?PR?IIC_RADIO_START?FM_RADIO
BL51 BANKED LINKER/LOCATER V6.22                                                      12/20/2023  22:18:27  PAGE 5


  +--> ?PR?_IIC_RADIO_WRITEBYTE?FM_RADIO
  +--> ?PR?IIC_RADIO_ACK?FM_RADIO
  +--> ?PR?IIC_RADIO_STOP?FM_RADIO

?PR?IIC_RADIO_START?FM_RADIO              -----    -----
  +--> ?PR?_DELAY?FM_RADIO

?PR?_IIC_RADIO_WRITEBYTE?FM_RADIO         -----    -----
  +--> ?PR?_DELAY?FM_RADIO

?PR?IIC_RADIO_ACK?FM_RADIO                -----    -----
  +--> ?PR?_DELAY?FM_RADIO

?PR?IIC_RADIO_STOP?FM_RADIO               -----    -----
  +--> ?PR?_DELAY?FM_RADIO

?PR?INITIAL_DS1302?TIME                   -----    -----
  +--> ?PR?_WRITEDS1302?TIME
  +--> ?PR?_READDS1302?TIME

?PR?_WRITEDS1302?TIME                     -----    -----
  +--> ?PR?_DS1302_WRITE?TIME

?PR?_READDS1302?TIME                      -----    -----
  +--> ?PR?_DS1302_WRITE?TIME
  +--> ?PR?DS1302_READ?TIME

?PR?KEYINIT?KEY                           -----    -----
  +--> ?PR?_?SYS_GET_KEYEVENT?KEY
  +--> ?PR?_?SYS_KEY_DRV?KEY

?PR?DISPLAYERINIT?DISPLAYER               -----    -----
  +--> ?PR?_?SYS_DISPLAY_DRV?DISPLAYER

?PR?_?SYS_DISPLAY_DRV?DISPLAYER           -----    -----
  +--> ?CO?MAIN

?PR?_ADCINIT?ADC                          -----    -----
  +--> ?PR?_?SYS_ADC_DRV?ADC
  +--> ?PR?_?SYS_GET_KNEVENT?ADC
  +--> ?PR?_?SYS_GET_EXTADCEVENT?ADC

?PR?_?SYS_ADC_DRV?ADC                     -----    -----
  +--> ?CO?ADC

?PR?BEEPINIT?BEEP                         -----    -----
  +--> ?PR?CLRBEEPPIN?SYS
  +--> ?PR?_?SYS_BEEP_DRV?BEEP

?PR?_?SYS_BEEP_DRV?BEEP                   -----    -----
  +--> ?PR?GETBEEPTIMER?SYS
  +--> ?PR?_SETBEEPTIMER?SYS

?PR?_SEG7PRINT?DISPLAYER                  005EH    0008H

?PR?_UART1INIT?UART1                      005EH    0004H
  +--> ?CO?MAIN
BL51 BANKED LINKER/LOCATER V6.22                                                      12/20/2023  22:18:27  PAGE 6


  +--> ?PR?_?SYS_GET_UART1RXDEVENT?UART1

?PR?_UART2INIT?UART2                      005EH    0005H
  +--> ?PR?_?NULLFUNC0?UART2
  +--> ?CO?MAIN
  +--> ?PR?_?SYS_GET_UART2RXDEVENT?UART2

?PR?_SETUART1RXD?UART1                    005EH    000AH

?PR?_SETUART2RXD?UART2                    005EH    000AH

?PR?_M24C02_READ?M24C02                   -----    -----
  +--> ?PR?START?M24C02
  +--> ?PR?RESPONS?M24C02
  +--> ?PR?_WRITEBYTE?M24C02
  +--> ?PR?READBYTE?M24C02
  +--> ?PR?STOP?M24C02

?PR?RESPONS?M24C02                        -----    -----
  +--> ?PR?_WRITEBYTE?M24C02

?PR?_SETEVENTCALLBACK?SYS                 005EH    0003H

?PR?UART485CALLBACK?MAIN                  -----    -----
  +--> ?PR?_M24C02_WRITE?M24C02

?PR?_M24C02_WRITE?M24C02                  -----    -----
  +--> ?PR?START?M24C02
  +--> ?PR?_WRITEBYTE?M24C02
  +--> ?PR?RESPONS?M24C02
  +--> ?PR?STOP?M24C02

?PR?KEYCALLBACK?MAIN                      -----    -----
  +--> ?PR?_GETKEYACT?KEY

?PR?DISPLAYCALLBACK?MAIN                  -----    -----
  +--> ?PR?_LEDPRINT?DISPLAYER
  +--> ?PR?DS1302_GETTIME?TIME
  +--> ?PR?GETADC?ADC
  +--> ?CO?MAIN
  +--> ?PR?_SEG7PRINT?DISPLAYER
  +--> ?PR?_SETBEEP?BEEP

?PR?DS1302_GETTIME?TIME                   005EH    0003H
  +--> ?PR?_READDS1302?TIME

?PR?_SETBEEP?BEEP                         005EH    0004H
  +--> ?PR?GETBEEPTIMER?SYS
  +--> ?PR?_SETBEEPTIMER?SYS
  +--> ?CO?MAIN
  +--> ?PR?_SETCCP0?SYS
  +--> ?PR?CLRBEEPPIN?SYS

?PR?NAV_CALLBACK?MAIN                     -----    -----
  +--> ?PR?_GETADCNAVACT?ADC
  +--> ?PR?_WRITEDS1302?TIME
  +--> ?PR?_READDS1302?TIME
BL51 BANKED LINKER/LOCATER V6.22                                                      12/20/2023  22:18:27  PAGE 7


  +--> ?CO?MAIN
  +--> ?PR?_M24C02_WRITE?M24C02

?PR?SENTCALLBACK?MAIN                     -----    -----
  +--> ?PR?_IRPRINT?IR
  +--> ?PR?_UART2PRINT?UART2
  +--> ?PR?_UART1PRINT?UART1

?PR?MYSTC_INIT?SYS                        -----    -----
  +--> ?PR?SYS_TIMER0_INIT?SYS

?PR?SYS_TIMER0_INIT?SYS                   -----    -----
  +--> ?CO?MAIN

?PR?MYSTC_OS?SYS                          -----    -----
  +--> ?PR?SYS_TASK_IR?SYS
  +--> ?PR?SYS_TASK_1MS?SYS
  +--> ?PR?SYS_TASK_10MS?SYS
  +--> ?PR?SYS_TASK_100MS?SYS
  +--> ?PR?SYS_TASK_1S?SYS

?C_INITSEG                                -----    -----
  +--> ?PR?_?NULLFUNC?SYS
  +--> ?PR?_?RET0FUNC?SYS



SYMBOL TABLE OF MODULE:  .\Objects\endcase (?C_STARTUP)

  VALUE           TYPE          NAME
  ----------------------------------

  -------         MODULE        ?C_STARTUP
  C:1B67H         SEGMENT       ?C_C51STARTUP
  I:007CH         SEGMENT       ?STACK
  C:0000H         PUBLIC        ?C_STARTUP
  D:00E0H         SYMBOL        ACC
  D:00F0H         SYMBOL        B
  D:0083H         SYMBOL        DPH
  D:0082H         SYMBOL        DPL
  N:0000H         SYMBOL        IBPSTACK
  N:0100H         SYMBOL        IBPSTACKTOP
  N:0080H         SYMBOL        IDATALEN
  C:1B6AH         SYMBOL        IDATALOOP
  N:0000H         SYMBOL        PBPSTACK
  N:0100H         SYMBOL        PBPSTACKTOP
  N:0000H         SYMBOL        PDATALEN
  N:0000H         SYMBOL        PDATASTART
  N:0000H         SYMBOL        PPAGE
  N:0000H         SYMBOL        PPAGEENABLE
  D:00A0H         SYMBOL        PPAGE_SFR
  D:0081H         SYMBOL        SP
  C:1B67H         SYMBOL        STARTUP1
  N:0000H         SYMBOL        XBPSTACK
  N:0000H         SYMBOL        XBPSTACKTOP
  N:0000H         SYMBOL        XDATALEN
  N:0000H         SYMBOL        XDATASTART
BL51 BANKED LINKER/LOCATER V6.22                                                      12/20/2023  22:18:27  PAGE 8


  C:0000H         LINE#         126
  C:1B67H         LINE#         133
  C:1B69H         LINE#         134
  C:1B6AH         LINE#         135
  C:1B6BH         LINE#         136
  C:1B6DH         LINE#         185
  C:1B70H         LINE#         196
  -------         ENDMOD        ?C_STARTUP

  -------         MODULE        MAIN
  C:0000H         SYMBOL        _ICE_DUMMY_
  D:0080H         PUBLIC        P0
  D:0090H         PUBLIC        P1
  D:00A0H         PUBLIC        P2
  D:00B0H         PUBLIC        P3
  D:00C0H         PUBLIC        P4
  D:00C8H         PUBLIC        P5
  D:00E8H         PUBLIC        P6
  D:00F8H         PUBLIC        P7
  D:00A8H         PUBLIC        IE
  D:0022H         PUBLIC        nowminutehigh
  D:0023H         PUBLIC        modifimodel
  D:0024H         PUBLIC        alarmsecond
  D:0025H         PUBLIC        FM
  C:22BEH         PUBLIC        uart485callback
  D:002BH         PUBLIC        model
  D:002CH         PUBLIC        dtime
  D:00B8H         PUBLIC        IP
  D:002DH         PUBLIC        light
  D:002EH         PUBLIC        flag
  D:00D8H         PUBLIC        CCON
  C:0EEDH         PUBLIC        matchhead
  D:002FH         PUBLIC        adc_data
  C:15EBH         PUBLIC        main
  D:0039H         PUBLIC        alarmminute
  D:003AH         PUBLIC        nowsecondlow
  C:0056H         PUBLIC        displaycallback
  D:003BH         PUBLIC        freq
  C:0CC3H         PUBLIC        SysClock
  D:003CH         PUBLIC        save
  D:0044H         PUBLIC        time
  D:0098H         PUBLIC        SCON
  D:0088H         PUBLIC        TCON
  D:0047H         PUBLIC        led
  D:0048H         PUBLIC        temperature
  D:0049H         PUBLIC        nowhourhigh
  D:004AH         PUBLIC        nowminutelow
  D:004BH         PUBLIC        suml
  D:004DH         PUBLIC        wei
  D:004EH         PUBLIC        sendflag
  D:004FH         PUBLIC        sumt
  D:0051H         PUBLIC        alarmhour
  C:0CC7H         PUBLIC        decode_table
  C:0CE5H         PUBLIC        tempdata
  C:0566H         PUBLIC        nav_callback
  D:0052H         PUBLIC        sentdata
  C:0EE3H         PUBLIC        table_D_BCD
BL51 BANKED LINKER/LOCATER V6.22                                                      12/20/2023  22:18:27  PAGE 9


  D:005AH         PUBLIC        nowhourlow
  C:1C7EH         PUBLIC        sentcallback
  C:1EE6H         PUBLIC        comcallback
  D:005BH         PUBLIC        key2_falg
  D:005CH         PUBLIC        nowsecondhigh
  D:005DH         PUBLIC        key3_falg
  D:00D0H         PUBLIC        PSW
  C:22F5H         PUBLIC        keycallback
  -------         PROC          KEYCALLBACK
  C:22F5H         LINE#         75
  C:22F5H         LINE#         76
  C:22F5H         LINE#         77
  C:22FDH         LINE#         78
  C:2309H         LINE#         79
  C:230AH         LINE#         80
  C:2312H         LINE#         81
  C:2319H         LINE#         82
  C:2320H         LINE#         83
  C:2323H         LINE#         84
  C:2324H         LINE#         85
  C:2329H         LINE#         87
  C:2329H         LINE#         88
  -------         ENDPROC       KEYCALLBACK
  -------         PROC          DISPLAYCALLBACK
  C:0056H         LINE#         89
  C:0056H         LINE#         90
  C:0056H         LINE#         91
  C:005BH         LINE#         92
  C:006BH         LINE#         93
  C:007BH         LINE#         94
  C:0087H         LINE#         95
  C:0097H         LINE#         96
  C:00ADH         LINE#         97
  C:00AFH         LINE#         98
  C:00B5H         LINE#         99
  C:00B5H         LINE#         100
  C:00CCH         LINE#         101
  C:00DDH         LINE#         102
  C:00F1H         LINE#         103
  C:00F4H         LINE#         104
  C:00F8H         LINE#         105
  C:00FCH         LINE#         106
  C:00FCH         LINE#         108
  C:0136H         LINE#         109
  C:014EH         LINE#         110
  C:014EH         LINE#         111
  C:016BH         LINE#         112
  C:016BH         LINE#         113
  C:016BH         LINE#         114
  C:0183H         LINE#         115
  C:0186H         LINE#         116
  C:0186H         LINE#         117
  C:019EH         LINE#         118
  C:01A1H         LINE#         119
  C:01A1H         LINE#         120
  C:01B9H         LINE#         121
  C:01BCH         LINE#         122
BL51 BANKED LINKER/LOCATER V6.22                                                      12/20/2023  22:18:27  PAGE 10


  C:01BCH         LINE#         123
  C:01D4H         LINE#         124
  C:01D7H         LINE#         125
  C:01D7H         LINE#         126
  C:01EFH         LINE#         127
  C:01F2H         LINE#         128
  C:01F2H         LINE#         129
  C:020AH         LINE#         130
  C:020DH         LINE#         131
  C:020DH         LINE#         132
  C:020DH         LINE#         133
  C:024BH         LINE#         134
  C:028AH         LINE#         135
  C:0324H         LINE#         136
  C:03CDH         LINE#         137
  C:047CH         LINE#         138
  C:0537H         LINE#         139
  C:0565H         LINE#         140
  -------         ENDPROC       DISPLAYCALLBACK
  -------         PROC          NAV_CALLBACK
  C:0566H         LINE#         141
  C:0566H         LINE#         142
  C:0566H         LINE#         143
  C:0573H         LINE#         144
  C:0573H         LINE#         145
  C:0582H         LINE#         146
  C:0582H         LINE#         147
  C:059FH         LINE#         148
  C:059FH         LINE#         149
  C:059FH         LINE#         150
  C:05AAH         LINE#         151
  C:05ADH         LINE#         152
  C:05AFH         LINE#         153
  C:05AFH         LINE#         154
  C:05BDH         LINE#         155
  C:05BDH         LINE#         156
  C:05BFH         LINE#         157
  C:05C5H         LINE#         158
  C:05C5H         LINE#         159
  C:05C7H         LINE#         160
  C:05C7H         LINE#         161
  C:05C9H         LINE#         162
  C:05D5H         LINE#         163
  C:05D5H         LINE#         164
  C:05D7H         LINE#         165
  C:05DDH         LINE#         166
  C:05DDH         LINE#         167
  C:05DFH         LINE#         168
  C:05DFH         LINE#         169
  C:05E1H         LINE#         170
  C:05E4H         LINE#         171
  C:05E6H         LINE#         172
  C:05E6H         LINE#         173
  C:05EDH         LINE#         174
  C:05F1H         LINE#         176
  C:05F4H         LINE#         177
  C:05F6H         LINE#         178
BL51 BANKED LINKER/LOCATER V6.22                                                      12/20/2023  22:18:27  PAGE 11


  C:05F6H         LINE#         179
  C:05FDH         LINE#         180
  C:0601H         LINE#         182
  C:0604H         LINE#         183
  C:0606H         LINE#         184
  C:0606H         LINE#         185
  C:060DH         LINE#         186
  C:0611H         LINE#         188
  C:0614H         LINE#         189
  C:0616H         LINE#         190
  C:0616H         LINE#         191
  C:061DH         LINE#         192
  C:0621H         LINE#         194
  C:0624H         LINE#         195
  C:0624H         LINE#         196
  C:0624H         LINE#         197
  C:0624H         LINE#         198
  C:062DH         LINE#         199
  C:062DH         LINE#         200
  C:0637H         LINE#         201
  C:063AH         LINE#         202
  C:063AH         LINE#         203
  C:063BH         LINE#         204
  C:0648H         LINE#         205
  C:0648H         LINE#         206
  C:0657H         LINE#         207
  C:0657H         LINE#         208
  C:0677H         LINE#         209
  C:0677H         LINE#         210
  C:0677H         LINE#         211
  C:0683H         LINE#         212
  C:0686H         LINE#         213
  C:0688H         LINE#         214
  C:0688H         LINE#         215
  C:0699H         LINE#         216
  C:06A9H         LINE#         217
  C:06B9H         LINE#         218
  C:06C6H         LINE#         219
  C:06C8H         LINE#         220
  C:06C8H         LINE#         221
  C:06CFH         LINE#         222
  C:06D3H         LINE#         224
  C:06D6H         LINE#         225
  C:06D8H         LINE#         226
  C:06D8H         LINE#         227
  C:06DFH         LINE#         228
  C:06E3H         LINE#         230
  C:06E6H         LINE#         231
  C:06E8H         LINE#         232
  C:06E8H         LINE#         233
  C:06EFH         LINE#         234
  C:06F3H         LINE#         236
  C:06F6H         LINE#         237
  C:06F8H         LINE#         238
  C:06F8H         LINE#         239
  C:06FFH         LINE#         240
  C:0703H         LINE#         242
BL51 BANKED LINKER/LOCATER V6.22                                                      12/20/2023  22:18:27  PAGE 12


  C:0706H         LINE#         243
  C:0706H         LINE#         244
  C:0706H         LINE#         245
  C:0706H         LINE#         246
  C:070FH         LINE#         247
  C:070FH         LINE#         248
  C:0719H         LINE#         249
  C:071CH         LINE#         250
  C:071CH         LINE#         251
  C:071DH         LINE#         252
  C:072AH         LINE#         253
  C:072AH         LINE#         254
  C:0735H         LINE#         255
  C:0735H         LINE#         256
  C:073CH         LINE#         257
  C:073CH         LINE#         258
  C:0747H         LINE#         259
  C:0747H         LINE#         260
  C:0750H         LINE#         261
  C:0759H         LINE#         262
  C:0762H         LINE#         263
  C:076AH         LINE#         264
  C:0772H         LINE#         265
  C:0774H         LINE#         266
  C:0776H         LINE#         267
  C:0781H         LINE#         268
  C:0781H         LINE#         269
  C:078AH         LINE#         270
  C:0793H         LINE#         271
  C:079CH         LINE#         272
  C:07A4H         LINE#         273
  C:07ACH         LINE#         274
  C:07B4H         LINE#         275
  C:07B5H         LINE#         276
  C:07BFH         LINE#         277
  C:07BFH         LINE#         278
  C:07C5H         LINE#         279
  C:07CFH         LINE#         280
  C:07D5H         LINE#         282
  C:07E5H         LINE#         283
  C:07EBH         LINE#         284
  C:07FBH         LINE#         285
  C:0801H         LINE#         286
  C:0811H         LINE#         287
  C:0817H         LINE#         288
  C:081EH         LINE#         289
  C:081EH         LINE#         290
  C:082EH         LINE#         291
  C:082EH         LINE#         292
  C:0838H         LINE#         293
  C:0842H         LINE#         294
  C:084CH         LINE#         295
  C:0853H         LINE#         296
  C:085AH         LINE#         297
  C:0861H         LINE#         298
  C:0861H         LINE#         300
  C:0861H         LINE#         301
BL51 BANKED LINKER/LOCATER V6.22                                                      12/20/2023  22:18:27  PAGE 13


  C:086BH         LINE#         302
  C:086BH         LINE#         303
  C:0877H         LINE#         304
  C:0877H         LINE#         305
  C:088EH         LINE#         306
  C:089FH         LINE#         307
  C:08A7H         LINE#         308
  C:08A7H         LINE#         309
  C:08B0H         LINE#         310
  C:08B0H         LINE#         311
  C:08C4H         LINE#         312
  C:08CAH         LINE#         313
  C:08CAH         LINE#         314
  C:08CBH         LINE#         315
  C:08D5H         LINE#         316
  C:08D5H         LINE#         317
  C:08E1H         LINE#         318
  C:08E1H         LINE#         319
  C:08F8H         LINE#         320
  C:0909H         LINE#         321
  C:0910H         LINE#         322
  C:0910H         LINE#         323
  C:0916H         LINE#         324
  C:0916H         LINE#         325
  C:092AH         LINE#         326
  C:0930H         LINE#         327
  C:0930H         LINE#         328
  C:0931H         LINE#         329
  C:0939H         LINE#         330
  C:0939H         LINE#         331
  C:0940H         LINE#         332
  C:0947H         LINE#         333
  C:094AH         LINE#         334
  C:094AH         LINE#         335
  -------         ENDPROC       NAV_CALLBACK
  -------         PROC          SENTCALLBACK
  C:1C7EH         LINE#         337
  C:1C7EH         LINE#         338
  C:1C7EH         LINE#         339
  C:1C96H         LINE#         340
  C:1C9DH         LINE#         341
  C:1CA0H         LINE#         342
  C:1CA0H         LINE#         343
  C:1CA3H         LINE#         344
  C:1CA6H         LINE#         345
  C:1CA9H         LINE#         346
  C:1CACH         LINE#         347
  C:1CAFH         LINE#         348
  C:1CB2H         LINE#         349
  C:1CB5H         LINE#         350
  C:1CB8H         LINE#         351
  C:1CC5H         LINE#         352
  C:1CC7H         LINE#         353
  C:1CCBH         LINE#         354
  C:1CCBH         LINE#         355
  C:1CCEH         LINE#         356
  C:1CD1H         LINE#         357
BL51 BANKED LINKER/LOCATER V6.22                                                      12/20/2023  22:18:27  PAGE 14


  C:1CDDH         LINE#         358
  C:1CEAH         LINE#         359
  C:1CEDH         LINE#         360
  C:1CF0H         LINE#         361
  C:1CF3H         LINE#         362
  C:1CF6H         LINE#         364
  C:1CF6H         LINE#         365
  -------         ENDPROC       SENTCALLBACK
  -------         PROC          COMCALLBACK
  C:1EE6H         LINE#         368
  C:1EE6H         LINE#         369
  C:1EE6H         LINE#         370
  C:1EE9H         LINE#         371
  C:1EEEH         LINE#         372
  C:1EEEH         LINE#         373
  C:1F03H         LINE#         374
  C:1F09H         LINE#         375
  C:1F0BH         LINE#         376
  C:1F10H         LINE#         377
  C:1F10H         LINE#         378
  C:1F25H         LINE#         379
  C:1F2BH         LINE#         380
  C:1F2BH         LINE#         381
  C:1F30H         LINE#         382
  C:1F30H         LINE#         383
  C:1F3AH         LINE#         384
  C:1F3DH         LINE#         385
  C:1F3EH         LINE#         386
  C:1F43H         LINE#         387
  C:1F43H         LINE#         388
  C:1F4DH         LINE#         389
  C:1F50H         LINE#         390
  C:1F50H         LINE#         393
  -------         ENDPROC       COMCALLBACK
  -------         PROC          UART485CALLBACK
  C:22BEH         LINE#         394
  C:22BEH         LINE#         395
  C:22BEH         LINE#         396
  C:22C1H         LINE#         397
  C:22DEH         LINE#         398
  C:22E1H         LINE#         399
  C:22E4H         LINE#         400
  C:22E7H         LINE#         401
  C:22EEH         LINE#         402
  -------         ENDPROC       UART485CALLBACK
  -------         PROC          MAIN
  C:15EBH         LINE#         404
  C:15EBH         LINE#         405
  C:15EBH         LINE#         406
  C:1601H         LINE#         407
  C:1604H         LINE#         408
  C:1607H         LINE#         409
  C:160AH         LINE#         410
  C:160FH         LINE#         411
  C:1614H         LINE#         412
  C:1617H         LINE#         413
  C:161EH         LINE#         414
BL51 BANKED LINKER/LOCATER V6.22                                                      12/20/2023  22:18:27  PAGE 15


  C:1636H         LINE#         415
  C:163BH         LINE#         416
  C:1646H         LINE#         417
  C:1654H         LINE#         418
  C:1670H         LINE#         419
  C:168CH         LINE#         420
  C:1693H         LINE#         421
  C:169AH         LINE#         422
  C:16A1H         LINE#         423
  C:16ACH         LINE#         424
  C:16B7H         LINE#         425
  C:16C2H         LINE#         426
  C:16CDH         LINE#         427
  C:16D8H         LINE#         428
  C:16E3H         LINE#         430
  C:16E6H         LINE#         431
  C:16E6H         LINE#         432
  C:16E6H         LINE#         433
  C:16E9H         LINE#         434
  -------         ENDPROC       MAIN
  -------         ENDMOD        MAIN

  -------         MODULE        TIME
  C:0000H         SYMBOL        _ICE_DUMMY_
  D:0080H         PUBLIC        P0
  D:0090H         PUBLIC        P1
  D:00A0H         PUBLIC        P2
  D:00B0H         PUBLIC        P3
  D:00C0H         PUBLIC        P4
  D:0070H         PUBLIC        sTime
  D:00C8H         PUBLIC        P5
  D:00E8H         PUBLIC        P6
  D:00F8H         PUBLIC        P7
  C:258FH         PUBLIC        Initial_DS1302
  C:263FH         PUBLIC        _Ds1302_write
  D:00A8H         PUBLIC        IE
  D:00B8H         PUBLIC        IP
  D:00D8H         PUBLIC        CCON
  D:0098H         PUBLIC        SCON
  D:0088H         PUBLIC        TCON
  D:0073H         PUBLIC        temp
  B:0090H.5       PUBLIC        Rtc_sclk
  C:271EH         PUBLIC        _ReadDS1302
  B:00C8H.4       PUBLIC        Rtc_io
  B:0090H.6       PUBLIC        Rtc_rst
  C:002EH         PUBLIC        _WriteDS1302
  C:1FADH         PUBLIC        DS1302_GetTime
  D:00D0H         PUBLIC        PSW
  C:000EH         PUBLIC        Ds1302_read
  -------         PROC          L?0014
  -------         ENDPROC       L?0014
  -------         PROC          _DS1302_WRITE
  D:0007H         SYMBOL        temp
  -------         DO            
  D:0006H         SYMBOL        i
  -------         ENDDO         
  C:263FH         LINE#         34
BL51 BANKED LINKER/LOCATER V6.22                                                      12/20/2023  22:18:27  PAGE 16


  C:263FH         LINE#         35
  C:263FH         LINE#         37
  C:2641H         LINE#         38
  C:2641H         LINE#         39
  C:2643H         LINE#         40
  C:2647H         LINE#         41
  C:264BH         LINE#         42
  C:264DH         LINE#         43
  C:2651H         LINE#         44
  -------         ENDPROC       _DS1302_WRITE
  -------         PROC          DS1302_READ
  -------         DO            
  D:0006H         SYMBOL        i
  D:0007H         SYMBOL        dat
  -------         ENDDO         
  C:000EH         LINE#         47
  C:000EH         LINE#         48
  C:000EH         LINE#         50
  C:0010H         LINE#         51
  C:0010H         LINE#         52
  C:0012H         LINE#         53
  C:0016H         LINE#         54
  C:0019H         LINE#         55
  C:001CH         LINE#         56
  C:001EH         LINE#         57
  C:0022H         LINE#         58
  C:0022H         LINE#         59
  -------         ENDPROC       DS1302_READ
  -------         PROC          _WRITEDS1302
  D:0007H         SYMBOL        Addr
  D:0005H         SYMBOL        Data
  C:002EH         LINE#         61
  C:002EH         LINE#         62
  C:002EH         LINE#         63
  C:002EH         LINE#         64
  C:002EH         LINE#         65
  C:002EH         LINE#         66
  C:0031H         LINE#         67
  C:0036H         LINE#         68
  C:0038H         LINE#         69
  C:003AH         LINE#         70
  -------         ENDPROC       _WRITEDS1302
  -------         PROC          _READDS1302
  D:0007H         SYMBOL        cmd
  -------         DO            
  D:0007H         SYMBOL        Data
  -------         ENDDO         
  C:271EH         LINE#         73
  C:271EH         LINE#         74
  C:271EH         LINE#         76
  C:271EH         LINE#         77
  C:271EH         LINE#         78
  C:271EH         LINE#         79
  C:2721H         LINE#         80
  C:2724H         LINE#         81
  C:2726H         LINE#         82
  C:2728H         LINE#         83
BL51 BANKED LINKER/LOCATER V6.22                                                      12/20/2023  22:18:27  PAGE 17


  C:2728H         LINE#         84
  -------         ENDPROC       _READDS1302
  -------         PROC          DS1302_GETTIME
  -------         DO            
  D:005EH         SYMBOL        Time
  D:0005H         SYMBOL        ReadValue
  -------         ENDDO         
  C:1FADH         LINE#         88
  C:1FADH         LINE#         89
  C:1FADH         LINE#         92
  C:1FB4H         LINE#         93
  C:1FC5H         LINE#         94
  C:1FCCH         LINE#         95
  C:1FDDH         LINE#         96
  C:1FE4H         LINE#         97
  C:2001H         LINE#         99
  C:2007H         LINE#         100
  -------         ENDPROC       DS1302_GETTIME
  -------         PROC          INITIAL_DS1302
  C:258FH         LINE#         103
  C:258FH         LINE#         104
  C:258FH         LINE#         105
  C:2596H         LINE#         106
  C:25A0H         LINE#         107
  C:25A6H         LINE#         108
  -------         ENDPROC       INITIAL_DS1302
  -------         ENDMOD        TIME

  -------         MODULE        ADC
  C:0000H         SYMBOL        _ICE_DUMMY_
  D:0080H         PUBLIC        P0
  D:0090H         PUBLIC        P1
  D:00A0H         PUBLIC        P2
  C:26DCH         PUBLIC        _?sys_get_KNEvent
  D:0074H         PUBLIC        sys_EXTADCEvent
  D:00B0H         PUBLIC        P3
  D:00C0H         PUBLIC        P4
  D:00C8H         PUBLIC        P5
  D:00E8H         PUBLIC        P6
  D:00F8H         PUBLIC        P7
  B:00A8H.5       PUBLIC        EADC
  D:00A8H         PUBLIC        IE
  D:00BDH         PUBLIC        ADC_RES
  D:00B8H         PUBLIC        IP
  D:0097H         PUBLIC        CLK_DIV
  C:232AH         PUBLIC        _AdcInit
  D:00D8H         PUBLIC        CCON
  C:26EAH         PUBLIC        _?sys_get_EXTADCEvent
  X:0070H         PUBLIC        AD_res
  D:00BCH         PUBLIC        ADC_CONTR
  D:0098H         PUBLIC        SCON
  D:0088H         PUBLIC        TCON
  C:10C1H         PUBLIC        _?sys_ADC_drv
  B:0021H.7       PUBLIC        flag_ADC
  X:007AH         PUBLIC        sys_KN
  D:009DH         PUBLIC        P1ASF
  D:0075H         PUBLIC        sys_KNEvent
BL51 BANKED LINKER/LOCATER V6.22                                                      12/20/2023  22:18:27  PAGE 18


  D:00BEH         PUBLIC        ADC_RESL
  C:0003H         PUBLIC        GetADC
  C:20F4H         PUBLIC        _GetAdcNavAct
  C:2773H         PUBLIC        ADC_isr
  D:00D0H         PUBLIC        PSW
  -------         PROC          ADC_ISR
  C:2773H         LINE#         26
  C:2773H         LINE#         27
  C:2776H         LINE#         28
  C:2778H         LINE#         29
  -------         ENDPROC       ADC_ISR
  -------         PROC          _?SYS_ADC_DRV
  -------         DO            
  X:006EH         SYMBOL        pc
  X:006FH         SYMBOL        counter
  i:0000H         SYMBOL        i
  C:273FH         SYMBOL        ADC_ch
  -------         ENDDO         
  C:10C1H         LINE#         31
  C:10C3H         LINE#         35
  C:10C9H         LINE#         36
  C:10CBH         LINE#         37
  C:10F9H         LINE#         38
  C:10F9H         LINE#         39
  C:10F9H         LINE#         40
  C:1109H         LINE#         41
  C:110BH         LINE#         42
  C:110BH         LINE#         43
  C:110BH         LINE#         44
  C:111FH         LINE#         45
  C:1122H         LINE#         46
  C:1125H         LINE#         47
  C:1135H         LINE#         48
  C:1137H         LINE#         49
  C:114BH         LINE#         50
  C:114EH         LINE#         51
  C:1162H         LINE#         52
  C:1175H         LINE#         53
  C:118DH         LINE#         54
  C:1198H         LINE#         55
  C:119BH         LINE#         56
  C:11ABH         LINE#         57
  C:11BFH         LINE#         58
  C:11D4H         LINE#         59
  C:11E5H         LINE#         60
  C:11E7H         LINE#         61
  C:11E7H         LINE#         62
  C:11E9H         LINE#         64
  C:1200H         LINE#         65
  C:1211H         LINE#         66
  C:1214H         LINE#         67
  C:1214H         LINE#         68
  C:1214H         LINE#         69
  C:1237H         LINE#         70
  C:1248H         LINE#         71
  C:124CH         LINE#         72
  C:124CH         LINE#         73
BL51 BANKED LINKER/LOCATER V6.22                                                      12/20/2023  22:18:27  PAGE 19


  C:124CH         LINE#         74
  C:1252H         LINE#         75
  C:1252H         LINE#         76
  C:1252H         LINE#         77
  C:125EH         LINE#         78
  C:126AH         LINE#         79
  C:126AH         LINE#         80
  -------         ENDPROC       _?SYS_ADC_DRV
  -------         PROC          _?SYS_GET_KNEVENT
  -------         DO            
  i:0000H         SYMBOL        a
  -------         ENDDO         
  C:26DCH         LINE#         82
  C:26DEH         LINE#         84
  C:26E2H         LINE#         85
  C:26E5H         LINE#         86
  C:26E7H         LINE#         87
  -------         ENDPROC       _?SYS_GET_KNEVENT
  -------         PROC          _?SYS_GET_EXTADCEVENT
  -------         DO            
  i:0000H         SYMBOL        a
  -------         ENDDO         
  C:26EAH         LINE#         89
  C:26ECH         LINE#         91
  C:26F0H         LINE#         92
  C:26F3H         LINE#         93
  C:26F5H         LINE#         94
  -------         ENDPROC       _?SYS_GET_EXTADCEVENT
  -------         PROC          _ADCINIT
  D:0007H         SYMBOL        ADCsel
  C:232AH         LINE#         96
  C:232AH         LINE#         97
  C:232AH         LINE#         98
  C:232CH         LINE#         99
  C:232FH         LINE#         100
  C:2332H         LINE#         101
  C:2334H         LINE#         102
  C:2342H         LINE#         103
  C:234EH         LINE#         104
  C:235AH         LINE#         105
  -------         ENDPROC       _ADCINIT
  -------         PROC          GETADC
  C:0003H         LINE#         107
  C:0003H         LINE#         108
  C:0009H         LINE#         109
  -------         ENDPROC       GETADC
  -------         PROC          _GETADCNAVACT
  D:0007H         SYMBOL        Nav_button
  -------         DO            
  D:0006H         SYMBOL        a
  -------         ENDDO         
  C:20F4H         LINE#         111
  C:20F4H         LINE#         112
  C:20F4H         LINE#         113
  C:2104H         LINE#         114
  C:211FH         LINE#         115
  C:2134H         LINE#         116
BL51 BANKED LINKER/LOCATER V6.22                                                      12/20/2023  22:18:27  PAGE 20


  C:2137H         LINE#         117
  C:2137H         LINE#         118
  C:2139H         LINE#         119
  -------         ENDPROC       _GETADCNAVACT
  -------         ENDMOD        ADC

  -------         MODULE        BEEP
  C:0000H         SYMBOL        _ICE_DUMMY_
  D:0080H         PUBLIC        P0
  D:00B2H         PUBLIC        P3M0
  D:0090H         PUBLIC        P1
  D:00B1H         PUBLIC        P3M1
  D:00A0H         PUBLIC        P2
  D:00B0H         PUBLIC        P3
  D:00C0H         PUBLIC        P4
  D:00C8H         PUBLIC        P5
  D:00E8H         PUBLIC        P6
  D:00F8H         PUBLIC        P7
  D:00F9H         PUBLIC        CH
  C:2448H         PUBLIC        _?sys_beep_drv
  D:00A8H         PUBLIC        IE
  D:00E9H         PUBLIC        CL
  C:254FH         PUBLIC        BeepInit
  B:00D8H.6       PUBLIC        CR
  D:00DAH         PUBLIC        CCAPM0
  D:00B8H         PUBLIC        IP
  D:00D9H         PUBLIC        CMOD
  D:00D8H         PUBLIC        CCON
  C:2706H         PUBLIC        GetBeepStatus
  C:1D80H         PUBLIC        _SetBeep
  D:0098H         PUBLIC        SCON
  D:0088H         PUBLIC        TCON
  D:00D0H         PUBLIC        PSW
  B:00D8H.0       PUBLIC        CCF0
  -------         PROC          _?SYS_BEEP_DRV
  -------         DO            
  i:0000H         SYMBOL        a
  -------         ENDDO         
  C:2448H         LINE#         11
  C:244CH         LINE#         13
  C:2456H         LINE#         14
  C:246BH         LINE#         15
  -------         ENDPROC       _?SYS_BEEP_DRV
  -------         PROC          BEEPINIT
  C:254FH         LINE#         17
  C:254FH         LINE#         18
  C:254FH         LINE#         19
  C:2552H         LINE#         20
  C:2555H         LINE#         21
  C:2558H         LINE#         22
  C:255BH         LINE#         23
  C:255EH         LINE#         24
  C:2560H         LINE#         25
  C:256EH         LINE#         26
  -------         ENDPROC       BEEPINIT
  -------         PROC          _SETBEEP
  D:005EH         SYMBOL        Beep_freq
BL51 BANKED LINKER/LOCATER V6.22                                                      12/20/2023  22:18:27  PAGE 21


  D:0060H         SYMBOL        Beep_time
  -------         DO            
  D:0002H         SYMBOL        a
  D:0004H         SYMBOL        b
  -------         ENDDO         
  C:1D80H         LINE#         28
  C:1D88H         LINE#         29
  C:1D88H         LINE#         31
  C:1D8FH         LINE#         32
  C:1D96H         LINE#         33
  C:1DA1H         LINE#         34
  C:1DCAH         LINE#         35
  C:1DDEH         LINE#         36
  C:1DE5H         LINE#         37
  C:1DE7H         LINE#         38
  C:1DEAH         LINE#         39
  C:1DECH         LINE#         41
  C:1DEFH         LINE#         42
  C:1DF2H         LINE#         43
  C:1DF2H         LINE#         44
  C:1DF5H         LINE#         45
  C:1DF5H         LINE#         46
  C:1DF7H         LINE#         47
  -------         ENDPROC       _SETBEEP
  -------         PROC          GETBEEPSTATUS
  C:2706H         LINE#         49
  C:2706H         LINE#         50
  C:270FH         LINE#         51
  C:2711H         LINE#         52
  -------         ENDPROC       GETBEEPSTATUS
  -------         ENDMOD        BEEP

  -------         MODULE        DISPLAYER
  C:0000H         SYMBOL        _ICE_DUMMY_
  D:0093H         PUBLIC        P0M1
  D:0096H         PUBLIC        P2M0
  D:0080H         PUBLIC        P0
  D:0095H         PUBLIC        P2M1
  D:0090H         PUBLIC        P1
  D:00A0H         PUBLIC        P2
  D:00B0H         PUBLIC        P3
  D:00C0H         PUBLIC        P4
  D:00C8H         PUBLIC        P5
  D:00E8H         PUBLIC        P6
  D:00F8H         PUBLIC        P7
  D:00A8H         PUBLIC        IE
  D:00B8H         PUBLIC        IP
  D:00D8H         PUBLIC        CCON
  C:2779H         PUBLIC        _LedPrint
  B:00A0H.0       PUBLIC        P20
  B:00A0H.1       PUBLIC        P21
  D:0098H         PUBLIC        SCON
  B:00A0H.2       PUBLIC        P22
  D:0088H         PUBLIC        TCON
  B:00A0H.3       PUBLIC        P23
  C:261EH         PUBLIC        DisplayerInit
  X:00B6H         PUBLIC        sys_Disp
BL51 BANKED LINKER/LOCATER V6.22                                                      12/20/2023  22:18:27  PAGE 22


  C:2748H         PUBLIC        _SetDisplayerArea
  C:256FH         PUBLIC        _Seg7Print
  C:17D8H         PUBLIC        _?sys_display_drv
  D:00D0H         PUBLIC        PSW
  D:0094H         PUBLIC        P0M0
  -------         PROC          _?SYS_DISPLAY_DRV
  C:17D8H         LINE#         16
  C:17D8H         LINE#         18
  C:17DBH         LINE#         19
  C:1804H         LINE#         20
  C:180AH         LINE#         21
  C:1810H         LINE#         22
  C:1816H         LINE#         23
  C:181CH         LINE#         24
  C:1826H         LINE#         25
  C:1830H         LINE#         26
  C:183AH         LINE#         27
  C:1844H         LINE#         28
  C:1846H         LINE#         29
  C:1846H         LINE#         30
  C:184EH         LINE#         31
  C:1877H         LINE#         33
  C:1892H         LINE#         34
  C:1895H         LINE#         35
  C:1895H         LINE#         36
  C:18ACH         LINE#         37
  C:18B8H         LINE#         39
  C:18C0H         LINE#         40
  -------         ENDPROC       _?SYS_DISPLAY_DRV
  -------         PROC          DISPLAYERINIT
  C:261EH         LINE#         42
  C:261EH         LINE#         43
  C:261EH         LINE#         44
  C:2621H         LINE#         45
  C:2624H         LINE#         46
  C:2627H         LINE#         47
  C:262AH         LINE#         48
  C:2638H         LINE#         49
  -------         ENDPROC       DISPLAYERINIT
  -------         PROC          _SETDISPLAYERAREA
  D:0007H         SYMBOL        Begin_of_scan
  D:0005H         SYMBOL        Ending_of_Scan
  C:2748H         LINE#         51
  C:2748H         LINE#         52
  C:274DH         LINE#         53
  C:2750H         LINE#         54
  -------         ENDPROC       _SETDISPLAYERAREA
  -------         PROC          _SEG7PRINT
  D:0007H         SYMBOL        d0
  D:0005H         SYMBOL        d1
  D:0003H         SYMBOL        d2
  D:0061H         SYMBOL        d3
  D:0062H         SYMBOL        d4
  D:0063H         SYMBOL        d5
  D:0064H         SYMBOL        d6
  D:0065H         SYMBOL        d7
  C:256FH         LINE#         56
BL51 BANKED LINKER/LOCATER V6.22                                                      12/20/2023  22:18:27  PAGE 23


  C:256FH         LINE#         57
  C:2574H         LINE#         58
  C:2577H         LINE#         59
  C:257AH         LINE#         60
  C:257EH         LINE#         61
  C:2582H         LINE#         62
  C:2586H         LINE#         63
  C:258AH         LINE#         64
  C:258EH         LINE#         65
  -------         ENDPROC       _SEG7PRINT
  -------         PROC          _LEDPRINT
  D:0007H         SYMBOL        led_val
  C:2779H         LINE#         67
  C:2779H         LINE#         68
  C:277EH         LINE#         69
  -------         ENDPROC       _LEDPRINT
  -------         ENDMOD        DISPLAYER

  -------         MODULE        KEY
  C:0000H         SYMBOL        _ICE_DUMMY_
  D:0080H         PUBLIC        P0
  D:0090H         PUBLIC        P1
  D:00A0H         PUBLIC        P2
  D:00B0H         PUBLIC        P3
  D:00C0H         PUBLIC        P4
  D:00C8H         PUBLIC        P5
  D:00E8H         PUBLIC        P6
  D:00F8H         PUBLIC        P7
  D:00A8H         PUBLIC        IE
  D:007AH         PUBLIC        sys_keyEvent
  D:00B8H         PUBLIC        IP
  D:00D8H         PUBLIC        CCON
  C:26F8H         PUBLIC        _?sys_get_keyEvent
  D:0098H         PUBLIC        SCON
  D:0088H         PUBLIC        TCON
  C:14C8H         PUBLIC        _?sys_key_drv
  C:25ADH         PUBLIC        KeyInit
  B:00B0H.2       PUBLIC        IO_Key1
  B:00B0H.3       PUBLIC        IO_Key2
  B:0090H.7       PUBLIC        IO_Key3
  C:21C2H         PUBLIC        _GetKeyAct
  X:00C3H         PUBLIC        sys_Key
  D:00D0H         PUBLIC        PSW
  -------         PROC          _?SYS_KEY_DRV
  -------         DO            
  i:0000H         SYMBOL        i
  X:00C2H         SYMBOL        counter
  -------         ENDDO         
  C:14C8H         LINE#         28
  C:14CAH         LINE#         31
  C:14D3H         LINE#         32
  C:14DCH         LINE#         33
  C:14E5H         LINE#         34
  C:14F0H         LINE#         35
  C:14F3H         LINE#         36
  C:1505H         LINE#         37
  C:1523H         LINE#         38
BL51 BANKED LINKER/LOCATER V6.22                                                      12/20/2023  22:18:27  PAGE 24


  C:153CH         LINE#         39
  C:1558H         LINE#         40
  C:155AH         LINE#         41
  C:155AH         LINE#         42
  C:155CH         LINE#         44
  C:157DH         LINE#         45
  C:1593H         LINE#         46
  C:1596H         LINE#         47
  C:1596H         LINE#         48
  C:1596H         LINE#         49
  C:15C9H         LINE#         50
  C:15E4H         LINE#         51
  C:15E8H         LINE#         52
  C:15E8H         LINE#         53
  -------         ENDPROC       _?SYS_KEY_DRV
  -------         PROC          _?SYS_GET_KEYEVENT
  -------         DO            
  i:0000H         SYMBOL        a
  -------         ENDDO         
  C:26F8H         LINE#         55
  C:26FAH         LINE#         57
  C:26FEH         LINE#         58
  C:2701H         LINE#         59
  C:2703H         LINE#         60
  -------         ENDPROC       _?SYS_GET_KEYEVENT
  -------         PROC          KEYINIT
  C:25ADH         LINE#         62
  C:25ADH         LINE#         63
  C:25ADH         LINE#         64
  C:25BBH         LINE#         65
  C:25C9H         LINE#         66
  -------         ENDPROC       KEYINIT
  -------         PROC          _GETKEYACT
  D:0007H         SYMBOL        Key
  -------         DO            
  D:0006H         SYMBOL        a
  -------         ENDDO         
  C:21C2H         LINE#         68
  C:21C2H         LINE#         69
  C:21C2H         LINE#         70
  C:21CCH         LINE#         71
  C:21E7H         LINE#         72
  C:21FCH         LINE#         73
  C:21FFH         LINE#         74
  C:21FFH         LINE#         75
  C:2201H         LINE#         76
  -------         ENDPROC       _GETKEYACT
  -------         ENDMOD        KEY

  -------         MODULE        SYS
  C:0000H         SYMBOL        _ICE_DUMMY_
  X:0000H         PUBLIC        count_1mS
  B:00D8H.2       PUBLIC        CCF2
  D:0080H         PUBLIC        P0
  B:0020H.1       PUBLIC        flag_1S
  D:0090H         PUBLIC        P1
  D:00A0H         PUBLIC        P2
BL51 BANKED LINKER/LOCATER V6.22                                                      12/20/2023  22:18:27  PAGE 25


  D:00B0H         PUBLIC        P3
  D:00C0H         PUBLIC        P4
  X:0001H         PUBLIC        T1
  D:00C8H         PUBLIC        P5
  X:0003H         PUBLIC        T2
  B:00A8H.7       PUBLIC        EA
  D:00E8H         PUBLIC        P6
  D:00F8H         PUBLIC        P7
  D:0009H         PUBLIC        IrDatNum
  B:00D8H.7       PUBLIC        CF
  B:0020H.2       PUBLIC        Ir_Coder
  B:0020H.3       PUBLIC        Ir_RxBusy
  D:00A8H         PUBLIC        IE
  B:0020H.4       PUBLIC        Ir_TxBusy
  X:0005H         PUBLIC        userfunccall
  D:00FAH         PUBLIC        CCAP0H
  D:00FBH         PUBLIC        CCAP1H
  C:1BF3H         PUBLIC        sys_task_Ir
  D:000AH         PUBLIC        IrCount_j
  D:000BH         PUBLIC        IrRx_count
  D:000CH         PUBLIC        IrProtocol
  D:00EAH         PUBLIC        CCAP0L
  D:000DH         PUBLIC        IrTx_count
  D:00EBH         PUBLIC        CCAP1L
  D:00DAH         PUBLIC        CCAPM0
  D:00DBH         PUBLIC        CCAPM1
  D:000EH         PUBLIC        MainLoops
  D:00B8H         PUBLIC        IP
  B:00D0H.7       PUBLIC        CY
  B:0020H.5       PUBLIC        flag_10mS
  D:00D8H         PUBLIC        CCON
  C:2751H         PUBLIC        GetBeepTimer
  C:205BH         PUBLIC        sys_Timer0_isr
  C:1D03H         PUBLIC        _SetEventCallBack
  C:277FH         PUBLIC        MySTC_Init
  C:2202H         PUBLIC        sys_task_100mS
  D:0012H         PUBLIC        ModBus_interval_time
  C:0026H         PUBLIC        _?ret0func
  C:2008H         PUBLIC        GetUltraSonic
  X:0029H         PUBLIC        count_10mS
  X:002AH         PUBLIC        stcDrivers
  C:275AH         PUBLIC        _SetBeepTimer
  B:0020H.6       PUBLIC        flag_IrRxFinished
  D:0098H         PUBLIC        SCON
  C:268DH         PUBLIC        _SetCCP0
  C:2280H         PUBLIC        MySTC_OS
  D:0089H         PUBLIC        TMOD
  D:0088H         PUBLIC        TCON
  B:0020H.7       PUBLIC        flag_Ir
  B:00B0H.5       PUBLIC        P35
  D:0013H         PUBLIC        IrRxNum
  X:0060H         PUBLIC        SysPerformance
  D:008EH         PUBLIC        AUXR
  C:1A2CH         PUBLIC        sys_CCP_isr
  C:16EBH         PUBLIC        sys_task_1mS
  B:00A8H.1       PUBLIC        ET0
  C:003EH         PUBLIC        ClrBeepPin
BL51 BANKED LINKER/LOCATER V6.22                                                      12/20/2023  22:18:27  PAGE 26


  D:008CH         PUBLIC        TH0
  B:0021H.0       PUBLIC        flag_100mS
  X:0065H         PUBLIC        distance
  D:008AH         PUBLIC        TL0
  D:0014H         PUBLIC        PollingMisses
  X:0067H         PUBLIC        sys_BP
  B:0088H.4       PUBLIC        TR0
  C:241DH         PUBLIC        sys_task_1S
  C:276CH         PUBLIC        GetSysPerformance
  B:0021H.1       PUBLIC        matchModBus
  X:006DH         PUBLIC        count_100mS
  B:0021H.2       PUBLIC        Ir_BitBusy
  D:0015H         PUBLIC        IrDat_count
  D:0016H         PUBLIC        IrMute_count
  B:0021H.3       PUBLIC        newFrame1
  C:20ADH         PUBLIC        sys_Timer0_Init
  B:0021H.4       PUBLIC        newFrame2
  D:0017H         PUBLIC        IrDataPc
  C:000AH         PUBLIC        _?nullfunc
  B:0021H.5       PUBLIC        flag_1mS
  B:0021H.6       PUBLIC        newUS
  D:008FH         PUBLIC        INT_CLKO
  C:1AD4H         PUBLIC        sys_task_10mS
  D:00D0H         PUBLIC        PSW
  B:00D8H.0       PUBLIC        CCF0
  B:00B0H.4       PUBLIC        Beep
  B:00D8H.1       PUBLIC        CCF1
  -------         PROC          _?NULLFUNC
  C:000AH         LINE#         13
  -------         ENDPROC       _?NULLFUNC
  -------         PROC          _?RET0FUNC
  C:0026H         LINE#         14
  -------         ENDPROC       _?RET0FUNC
  -------         PROC          SYS_TIMER0_INIT
  C:20ADH         LINE#         96
  C:20ADH         LINE#         97
  C:20B0H         LINE#         98
  C:20B3H         LINE#         99
  C:20C9H         LINE#         100
  C:20EFH         LINE#         101
  C:20F1H         LINE#         102
  C:20F3H         LINE#         103
  -------         ENDPROC       SYS_TIMER0_INIT
  -------         PROC          SYS_TIMER0_ISR
  -------         DO            
  D:0008H         SYMBOL        i
  -------         ENDDO         
  C:205BH         LINE#         105
  C:205FH         LINE#         107
  C:2062H         LINE#         108
  C:2065H         LINE#         109
  C:206AH         LINE#         110
  C:206CH         LINE#         111
  C:206CH         LINE#         112
  C:2072H         LINE#         113
  C:2078H         LINE#         114
  C:207BH         LINE#         115
BL51 BANKED LINKER/LOCATER V6.22                                                      12/20/2023  22:18:27  PAGE 27


  C:207DH         LINE#         116
  C:2080H         LINE#         117
  C:2084H         LINE#         118
  C:2086H         LINE#         119
  C:2089H         LINE#         120
  C:208BH         LINE#         122
  C:208EH         LINE#         123
  C:2090H         LINE#         124
  C:2095H         LINE#         125
  C:2095H         LINE#         126
  C:2097H         LINE#         128
  C:20A0H         LINE#         129
  C:20A2H         LINE#         130
  C:20A8H         LINE#         131
  C:20A8H         LINE#         132
  C:20A8H         LINE#         133
  C:20A8H         LINE#         134
  -------         ENDPROC       SYS_TIMER0_ISR
  -------         PROC          GETULTRASONIC
  -------         DO            
  D:0076H         SYMBOL        a
  -------         ENDDO         
  C:2008H         LINE#         138
  C:2008H         LINE#         139
  C:2008H         LINE#         140
  C:200BH         LINE#         141
  C:200DH         LINE#         142
  C:201CH         LINE#         143
  C:2052H         LINE#         144
  C:2052H         LINE#         145
  C:205AH         LINE#         146
  -------         ENDPROC       GETULTRASONIC
  -------         PROC          GETBEEPTIMER
  C:2751H         LINE#         148
  C:2751H         LINE#         149
  C:2759H         LINE#         150
  -------         ENDPROC       GETBEEPTIMER
  -------         PROC          _SETBEEPTIMER
  D:0006H         SYMBOL        a
  C:275AH         LINE#         152
  C:275AH         LINE#         153
  C:2762H         LINE#         154
  -------         ENDPROC       _SETBEEPTIMER
  -------         PROC          _SETCCP0
  D:0006H         SYMBOL        step
  D:0004H         SYMBOL        next
  C:268DH         LINE#         156
  C:268DH         LINE#         157
  C:2695H         LINE#         158
  C:269DH         LINE#         159
  -------         ENDPROC       _SETCCP0
  -------         PROC          CLRBEEPPIN
  C:003EH         LINE#         161
  C:003EH         LINE#         162
  C:0040H         LINE#         163
  -------         ENDPROC       CLRBEEPPIN
  -------         PROC          SYS_CCP_ISR
BL51 BANKED LINKER/LOCATER V6.22                                                      12/20/2023  22:18:27  PAGE 28


  -------         DO            
  B:0020H.0       SYMBOL        a
  -------         ENDDO         
  C:1A2CH         LINE#         165
  C:1A3FH         LINE#         167
  C:1A46H         LINE#         168
  C:1A4DH         LINE#         169
  C:1A50H         LINE#         170
  C:1A52H         LINE#         171
  C:1A62H         LINE#         172
  C:1A69H         LINE#         173
  C:1A6CH         LINE#         174
  C:1A6EH         LINE#         175
  C:1A70H         LINE#         177
  C:1A84H         LINE#         178
  C:1A87H         LINE#         179
  C:1A89H         LINE#         180
  C:1A8BH         LINE#         181
  C:1A8DH         LINE#         183
  C:1A8DH         LINE#         184
  C:1A90H         LINE#         185
  C:1A92H         LINE#         186
  C:1A9CH         LINE#         187
  C:1A9EH         LINE#         188
  C:1AA7H         LINE#         189
  C:1AAAH         LINE#         190
  C:1ABCH         LINE#         191
  C:1ABEH         LINE#         193
  C:1AC0H         LINE#         194
  C:1AC3H         LINE#         195
  C:1AC3H         LINE#         196
  C:1AC3H         LINE#         197
  -------         ENDPROC       SYS_CCP_ISR
  -------         PROC          MYSTC_INIT
  C:277FH         LINE#         199
  C:277FH         LINE#         200
  C:2782H         LINE#         201
  C:2784H         LINE#         202
  -------         ENDPROC       MYSTC_INIT
  -------         PROC          SYS_TASK_IR
  -------         DO            
  D:0007H         SYMBOL        a
  -------         ENDDO         
  C:1BF3H         LINE#         204
  C:1BF3H         LINE#         205
  C:1BF3H         LINE#         206
  C:1C09H         LINE#         207
  C:1C10H         LINE#         208
  C:1C13H         LINE#         209
  C:1C16H         LINE#         210
  C:1C2CH         LINE#         211
  C:1C3CH         LINE#         212
  C:1C44H         LINE#         213
  C:1C47H         LINE#         214
  C:1C49H         LINE#         216
  C:1C5FH         LINE#         217
  C:1C73H         LINE#         218
BL51 BANKED LINKER/LOCATER V6.22                                                      12/20/2023  22:18:27  PAGE 29


  C:1C73H         LINE#         219
  C:1C75H         LINE#         220
  C:1C78H         LINE#         222
  C:1C78H         LINE#         224
  C:1C7AH         LINE#         225
  C:1C7DH         LINE#         226
  C:1C7DH         LINE#         227
  -------         ENDPROC       SYS_TASK_IR
  -------         PROC          SYS_TASK_1MS
  C:16EBH         LINE#         229
  C:16EBH         LINE#         230
  C:16F3H         LINE#         231
  C:16F6H         LINE#         232
  C:16F8H         LINE#         233
  C:1700H         LINE#         234
  C:1703H         LINE#         235
  C:1705H         LINE#         236
  C:170DH         LINE#         237
  C:1710H         LINE#         238
  C:1712H         LINE#         239
  C:1712H         LINE#         240
  C:1712H         LINE#         241
  C:1712H         LINE#         242
  C:171EH         LINE#         243
  C:172AH         LINE#         244
  C:1736H         LINE#         245
  C:1742H         LINE#         246
  C:174EH         LINE#         247
  C:175AH         LINE#         248
  C:1775H         LINE#         249
  C:1784H         LINE#         250
  C:1790H         LINE#         251
  C:1792H         LINE#         252
  C:1792H         LINE#         253
  C:1799H         LINE#         254
  C:179CH         LINE#         255
  C:17ABH         LINE#         256
  C:17ADH         LINE#         257
  C:17ADH         LINE#         258
  C:17AFH         LINE#         260
  C:17BEH         LINE#         261
  C:17CAH         LINE#         262
  C:17CCH         LINE#         263
  C:17CCH         LINE#         264
  C:17CCH         LINE#         265
  -------         ENDPROC       SYS_TASK_1MS
  -------         PROC          SYS_TASK_10MS
  C:1AD4H         LINE#         268
  C:1AD4H         LINE#         269
  C:1AE0H         LINE#         270
  C:1AECH         LINE#         271
  C:1AF8H         LINE#         272
  C:1B04H         LINE#         273
  C:1B1FH         LINE#         274
  C:1B3AH         LINE#         275
  C:1B55H         LINE#         276
  C:1B58H         LINE#         277
BL51 BANKED LINKER/LOCATER V6.22                                                      12/20/2023  22:18:27  PAGE 30


  C:1B5AH         LINE#         278
  C:1B66H         LINE#         279
  C:1B66H         LINE#         280
  -------         ENDPROC       SYS_TASK_10MS
  -------         PROC          SYS_TASK_100MS
  C:2202H         LINE#         282
  C:2202H         LINE#         283
  C:220EH         LINE#         284
  C:2229H         LINE#         285
  C:2235H         LINE#         286
  -------         ENDPROC       SYS_TASK_100MS
  -------         PROC          SYS_TASK_1S
  C:241DH         LINE#         289
  C:241DH         LINE#         290
  C:242BH         LINE#         291
  C:2431H         LINE#         292
  C:243AH         LINE#         293
  C:243CH         LINE#         294
  -------         ENDPROC       SYS_TASK_1S
  -------         PROC          MYSTC_OS
  C:2280H         LINE#         297
  C:2280H         LINE#         298
  C:2288H         LINE#         299
  C:2290H         LINE#         300
  C:2298H         LINE#         301
  C:22A0H         LINE#         302
  C:22A8H         LINE#         303
  C:22BDH         LINE#         306
  -------         ENDPROC       MYSTC_OS
  -------         PROC          _SETEVENTCALLBACK
  D:0007H         SYMBOL        event
  D:005EH         SYMBOL        user_callback
  C:1D03H         LINE#         308
  C:1D09H         LINE#         309
  C:1D3AH         LINE#         310
  C:1D3DH         LINE#         311
  C:1D3FH         LINE#         312
  C:1D42H         LINE#         313
  C:1D44H         LINE#         314
  C:1D47H         LINE#         315
  C:1D49H         LINE#         316
  C:1D4CH         LINE#         317
  C:1D4EH         LINE#         318
  C:1D51H         LINE#         319
  C:1D53H         LINE#         320
  C:1D56H         LINE#         321
  C:1D58H         LINE#         322
  C:1D5BH         LINE#         323
  C:1D5DH         LINE#         324
  C:1D60H         LINE#         325
  C:1D62H         LINE#         326
  C:1D65H         LINE#         327
  C:1D67H         LINE#         328
  C:1D6AH         LINE#         329
  C:1D6CH         LINE#         330
  C:1D6FH         LINE#         331
  C:1D71H         LINE#         332
BL51 BANKED LINKER/LOCATER V6.22                                                      12/20/2023  22:18:27  PAGE 31


  C:1D7FH         LINE#         333
  C:1D7FH         LINE#         334
  C:1D7FH         LINE#         335
  C:1D7FH         LINE#         336
  -------         ENDPROC       _SETEVENTCALLBACK
  -------         PROC          GETSYSPERFORMANCE
  C:276CH         LINE#         338
  C:276CH         LINE#         339
  C:2772H         LINE#         340
  -------         ENDPROC       GETSYSPERFORMANCE
  -------         ENDMOD        SYS

  -------         MODULE        M24C02
  C:0000H         SYMBOL        _ICE_DUMMY_
  D:0080H         PUBLIC        P0
  D:0090H         PUBLIC        P1
  D:00A0H         PUBLIC        P2
  D:00B0H         PUBLIC        P3
  D:00C0H         PUBLIC        P4
  D:00C8H         PUBLIC        P5
  D:00E8H         PUBLIC        P6
  D:00F8H         PUBLIC        P7
  D:00A8H         PUBLIC        IE
  C:24F0H         PUBLIC        respons
  D:00B8H         PUBLIC        IP
  B:00D0H.7       PUBLIC        CY
  D:00D8H         PUBLIC        CCON
  C:269EH         PUBLIC        start
  D:0098H         PUBLIC        SCON
  D:0088H         PUBLIC        TCON
  C:25CAH         PUBLIC        _M24C02_Read
  C:0046H         PUBLIC        stop
  C:2652H         PUBLIC        _M24C02_Write
  C:252DH         PUBLIC        readbyte
  B:00C0H.0       PUBLIC        SDA
  B:00C8H.5       PUBLIC        SCL
  C:2509H         PUBLIC        _writebyte
  D:00D0H         PUBLIC        PSW
  -------         PROC          START
  C:269EH         LINE#         9
  C:269EH         LINE#         10
  C:26A0H         LINE#         11
  C:26A1H         LINE#         12
  C:26A2H         LINE#         13
  C:26A3H         LINE#         14
  C:26A5H         LINE#         15
  C:26A6H         LINE#         16
  C:26A7H         LINE#         17
  C:26A8H         LINE#         18
  C:26AAH         LINE#         19
  C:26ABH         LINE#         20
  C:26ACH         LINE#         21
  C:26ADH         LINE#         22
  -------         ENDPROC       START
  -------         PROC          STOP
  C:0046H         LINE#         24
  C:0046H         LINE#         25
BL51 BANKED LINKER/LOCATER V6.22                                                      12/20/2023  22:18:27  PAGE 32


  C:0048H         LINE#         26
  C:0049H         LINE#         27
  C:004AH         LINE#         28
  C:004BH         LINE#         29
  C:004DH         LINE#         30
  C:004EH         LINE#         31
  C:004FH         LINE#         32
  C:0050H         LINE#         33
  C:0052H         LINE#         34
  -------         ENDPROC       STOP
  -------         PROC          L?0016
  -------         ENDPROC       L?0016
  -------         PROC          RESPONS
  -------         DO            
  D:0007H         SYMBOL        i
  -------         ENDDO         
  C:24F0H         LINE#         36
  C:24F0H         LINE#         37
  C:24F2H         LINE#         38
  C:24F4H         LINE#         39
  C:2500H         LINE#         40
  C:2501H         LINE#         41
  C:2502H         LINE#         42
  C:2503H         LINE#         43
  C:2505H         LINE#         44
  C:2506H         LINE#         45
  C:2507H         LINE#         46
  C:2508H         LINE#         47
  -------         ENDPROC       RESPONS
  -------         PROC          _WRITEBYTE
  D:0007H         SYMBOL        date
  -------         DO            
  D:0006H         SYMBOL        i
  D:0007H         SYMBOL        temp
  -------         ENDDO         
  C:2509H         LINE#         49
  C:2509H         LINE#         50
  C:2509H         LINE#         51
  C:2509H         LINE#         52
  C:250BH         LINE#         53
  C:250FH         LINE#         54
  C:2511H         LINE#         55
  C:2512H         LINE#         56
  C:2513H         LINE#         57
  C:2514H         LINE#         58
  C:2516H         LINE#         59
  C:2517H         LINE#         60
  C:2518H         LINE#         61
  C:2519H         LINE#         62
  C:251BH         LINE#         63
  C:251CH         LINE#         64
  C:251DH         LINE#         65
  C:251EH         LINE#         66
  C:2522H         LINE#         67
  C:2524H         LINE#         68
  C:2525H         LINE#         69
  C:2526H         LINE#         70
BL51 BANKED LINKER/LOCATER V6.22                                                      12/20/2023  22:18:27  PAGE 33


  C:2527H         LINE#         71
  C:2529H         LINE#         72
  C:252AH         LINE#         73
  C:252BH         LINE#         74
  C:252CH         LINE#         75
  -------         ENDPROC       _WRITEBYTE
  -------         PROC          READBYTE
  -------         DO            
  D:0006H         SYMBOL        i
  D:0007H         SYMBOL        k
  -------         ENDDO         
  C:252DH         LINE#         77
  C:252DH         LINE#         78
  C:252DH         LINE#         79
  C:252FH         LINE#         80
  C:2530H         LINE#         81
  C:2531H         LINE#         82
  C:2532H         LINE#         83
  C:2534H         LINE#         84
  C:2535H         LINE#         85
  C:2537H         LINE#         86
  C:2539H         LINE#         87
  C:253AH         LINE#         88
  C:253BH         LINE#         89
  C:2545H         LINE#         90
  C:2546H         LINE#         91
  C:2547H         LINE#         92
  C:2549H         LINE#         93
  C:254AH         LINE#         94
  C:254EH         LINE#         95
  C:254EH         LINE#         96
  -------         ENDPROC       READBYTE
  -------         PROC          _M24C02_WRITE
  D:0004H         SYMBOL        NVM_addr
  D:0005H         SYMBOL        NVM_data
  C:2652H         LINE#         98
  C:2654H         LINE#         99
  C:2657H         LINE#         100
  C:265CH         LINE#         101
  C:265FH         LINE#         102
  C:2661H         LINE#         103
  C:2661H         LINE#         104
  C:2661H         LINE#         105
  C:2664H         LINE#         106
  -------         ENDPROC       _M24C02_WRITE
  -------         PROC          _M24C02_READ
  D:0005H         SYMBOL        NVM_addr
  -------         DO            
  D:0007H         SYMBOL        date
  -------         ENDDO         
  C:25CAH         LINE#         109
  C:25CCH         LINE#         110
  C:25CCH         LINE#         111
  C:25CFH         LINE#         112
  C:25D1H         LINE#         113
  C:25D1H         LINE#         114
  C:25D1H         LINE#         115
BL51 BANKED LINKER/LOCATER V6.22                                                      12/20/2023  22:18:27  PAGE 34


  C:25D4H         LINE#         116
  C:25D7H         LINE#         117
  C:25DCH         LINE#         118
  C:25DFH         LINE#         119
  C:25E2H         LINE#         120
  C:25E5H         LINE#         121
  C:25E5H         LINE#         122
  -------         ENDPROC       _M24C02_READ
  -------         ENDMOD        M24C02

  -------         MODULE        FM_RADIO
  C:0000H         SYMBOL        _ICE_DUMMY_
  D:0080H         PUBLIC        P0
  D:0090H         PUBLIC        P1
  D:00A0H         PUBLIC        P2
  D:00B0H         PUBLIC        P3
  D:00C0H         PUBLIC        P4
  D:00C8H         PUBLIC        P5
  D:00E8H         PUBLIC        P6
  D:00F8H         PUBLIC        P7
  D:00A8H         PUBLIC        IE
  B:00A0H.7       PUBLIC        FM_DATA
  C:2670H         PUBLIC        _delay
  D:00B8H         PUBLIC        IP
  C:267AH         PUBLIC        IIC_Radio_Start
  C:24C0H         PUBLIC        FMRadioInit
  D:00D8H         PUBLIC        CCON
  C:1F51H         PUBLIC        GetFMRadio
  C:2470H         PUBLIC        _IIC_Radio_WriteByte
  C:2712H         PUBLIC        IIC_Radio_Stop
  C:18C1H         PUBLIC        SetFMRadio
  D:0098H         PUBLIC        SCON
  D:0088H         PUBLIC        TCON
  X:00CCH         PUBLIC        Radio_Write_Data
  X:00D4H         PUBLIC        flag_SetFM
  C:25E6H         PUBLIC        IIC_Radio_ACK
  B:00C0H.5       PUBLIC        FM_CLOCK
  C:213AH         PUBLIC        _?sys_FMRadio_drv
  D:00D0H         PUBLIC        PSW
  C:2667H         SYMBOL        L?0043
  -------         PROC          L?0042
  -------         ENDPROC       L?0042
  C:2667H         SYMBOL        L?0043
  -------         PROC          _DELAY
  D:0007H         SYMBOL        i
  C:2670H         LINE#         22
  C:2670H         LINE#         23
  C:2676H         LINE#         24
  C:2679H         LINE#         25
  -------         ENDPROC       _DELAY
  -------         PROC          IIC_RADIO_START
  C:267AH         LINE#         28
  C:267AH         LINE#         29
  C:267CH         LINE#         30
  C:267CH         LINE#         31
  C:267CH         LINE#         32
  C:267FH         LINE#         33
BL51 BANKED LINKER/LOCATER V6.22                                                      12/20/2023  22:18:27  PAGE 35


  C:2681H         LINE#         34
  C:2686H         LINE#         35
  C:2688H         LINE#         36
  -------         ENDPROC       IIC_RADIO_START
  -------         PROC          IIC_RADIO_STOP
  C:2712H         LINE#         39
  C:2712H         LINE#         40
  C:2714H         LINE#         41
  C:2714H         LINE#         42
  C:2714H         LINE#         43
  C:2717H         LINE#         44
  C:2719H         LINE#         45
  -------         ENDPROC       IIC_RADIO_STOP
  -------         PROC          IIC_RADIO_ACK
  -------         DO            
  D:0007H         SYMBOL        i
  -------         ENDDO         
  C:25E6H         LINE#         48
  C:25E6H         LINE#         49
  C:25E8H         LINE#         50
  C:25EAH         LINE#         51
  C:25F6H         LINE#         52
  C:25FBH         LINE#         53
  C:25FDH         LINE#         54
  -------         ENDPROC       IIC_RADIO_ACK
  -------         PROC          _IIC_RADIO_WRITEBYTE
  D:0005H         SYMBOL        Data
  -------         DO            
  D:0003H         SYMBOL        i
  -------         ENDDO         
  C:2470H         LINE#         57
  C:2472H         LINE#         58
  C:2472H         LINE#         59
  C:2474H         LINE#         60
  C:2476H         LINE#         61
  C:247BH         LINE#         62
  C:247FH         LINE#         63
  C:2483H         LINE#         64
  C:2483H         LINE#         65
  C:2483H         LINE#         66
  C:2486H         LINE#         67
  C:248AH         LINE#         68
  C:248CH         LINE#         69
  C:2491H         LINE#         70
[...]
  C:1904H         LINE#         107
  C:1911H         LINE#         108
  C:1917H         LINE#         109
  C:1917H         LINE#         110
  C:193FH         LINE#         111
  C:194CH         LINE#         112
  C:1950H         LINE#         113
  C:1950H         LINE#         114
  C:1952H         LINE#         115
  C:1959H         LINE#         116
  C:1960H         LINE#         117
  C:1967H         LINE#         118
  C:196EH         LINE#         119
  C:1970H         LINE#         120
  C:1976H         LINE#         121
  C:1976H         LINE#         122
  -------         ENDPROC       SETFMRADIO
  -------         PROC          FMRADIOINIT
  D:005EH         SYMBOL        FM
  C:24C0H         LINE#         124
  C:24C0H         LINE#         125
  C:24C0H         LINE#         126
  C:24D6H         LINE#         127
BL51 BANKED LINKER/LOCATER V6.22                                                      12/20/2023  22:18:27  PAGE 37


  C:24E4H         LINE#         128
  -------         ENDPROC       FMRADIOINIT
  -------         ENDMOD        FM_RADIO

  -------         MODULE        IR
  C:0000H         SYMBOL        _ICE_DUMMY_
  D:0080H         PUBLIC        P0
  D:00B2H         PUBLIC        P3M0
  D:0090H         PUBLIC        P1
  D:00B1H         PUBLIC        P3M1
  D:00A0H         PUBLIC        P2
  D:00B0H         PUBLIC        P3
  D:00C0H         PUBLIC        P4
  D:00C8H         PUBLIC        P5
  D:00E8H         PUBLIC        P6
  D:00F8H         PUBLIC        P7
  D:00A8H         PUBLIC        IE
  D:00B8H         PUBLIC        IP
  C:2763H         PUBLIC        _SetIrRxd
  C:235BH         PUBLIC        _IrTxdSet
  D:001CH         PUBLIC        IrRxNmax
  D:00D8H         PUBLIC        CCON
  D:001DH         PUBLIC        IrRxd_pt
  D:0098H         PUBLIC        SCON
  D:0088H         PUBLIC        TCON
  B:00B0H.5       PUBLIC        P35
  C:2241H         PUBLIC        _IrPrint
  C:26AEH         PUBLIC        _IrInit
  C:2785H         PUBLIC        GetIrRxNum
  C:1DF8H         PUBLIC        sys_IrRxd_isr
  C:2602H         PUBLIC        GetIrStatus
  D:008FH         PUBLIC        INT_CLKO
  D:00D0H         PUBLIC        PSW
  -------         PROC          _IRINIT
  D:0007H         SYMBOL        Protocol
  C:26AEH         LINE#         19
  C:26AEH         LINE#         20
  C:26B1H         LINE#         21
  C:26B4H         LINE#         22
  C:26B6H         LINE#         23
  C:26B8H         LINE#         24
  C:26BAH         LINE#         25
  C:26BDH         LINE#         26
  -------         ENDPROC       _IRINIT
  -------         PROC          SYS_IRRXD_ISR
  -------         DO            
  D:001AH         SYMBOL        a
  D:001BH         SYMBOL        BitRxCount
  -------         ENDDO         
  C:1DF8H         LINE#         28
  C:1E0BH         LINE#         31
  C:1E0EH         LINE#         32
  C:1E10H         LINE#         33
  C:1E13H         LINE#         34
  C:1E16H         LINE#         35
  C:1E19H         LINE#         36
  C:1E1FH         LINE#         37
BL51 BANKED LINKER/LOCATER V6.22                                                      12/20/2023  22:18:27  PAGE 38


  C:1E21H         LINE#         39
  C:1E28H         LINE#         40
  C:1E2EH         LINE#         41
  C:1E37H         LINE#         42
  C:1E3AH         LINE#         43
  C:1E41H         LINE#         44
  C:1E44H         LINE#         45
  C:1E55H         LINE#         46
  C:1E57H         LINE#         47
  C:1E57H         LINE#         48
  C:1E59H         LINE#         49
  C:1E5BH         LINE#         50
  C:1E5BH         LINE#         51
  C:1E5EH         LINE#         52
  -------         ENDPROC       SYS_IRRXD_ISR
  -------         PROC          _SETIRRXD
  D:0001H         SYMBOL        RxdPt
  D:0005H         SYMBOL        RxdNmax
  C:2763H         LINE#         54
  C:2763H         LINE#         55
  C:2769H         LINE#         56
  C:276BH         LINE#         57
  -------         ENDPROC       _SETIRRXD
  -------         PROC          GETIRRXNUM
  C:2785H         LINE#         59
  C:2785H         LINE#         60
  C:2787H         LINE#         61
  -------         ENDPROC       GETIRRXNUM
  -------         PROC          _IRTXDSET
  D:0001H         SYMBOL        pt
  D:0005H         SYMBOL        num
  C:235BH         LINE#         63
  C:235BH         LINE#         64
  C:2371H         LINE#         65
  C:2377H         LINE#         66
  C:237CH         LINE#         67
  C:237EH         LINE#         68
  C:2381H         LINE#         69
  C:2384H         LINE#         70
  C:2386H         LINE#         71
  C:2389H         LINE#         72
  C:2389H         LINE#         73
  C:238BH         LINE#         74
  -------         ENDPROC       _IRTXDSET
  -------         PROC          _IRPRINT
  D:0001H         SYMBOL        pt
  D:0005H         SYMBOL        num
  C:2241H         LINE#         76
  C:2241H         LINE#         77
  C:2257H         LINE#         78
  C:225AH         LINE#         79
  C:225DH         LINE#         80
  C:2260H         LINE#         81
  C:2262H         LINE#         82
  C:2265H         LINE#         83
  C:226BH         LINE#         84
  C:2273H         LINE#         85
BL51 BANKED LINKER/LOCATER V6.22                                                      12/20/2023  22:18:27  PAGE 39


  C:2275H         LINE#         86
  C:2278H         LINE#         87
  C:227AH         LINE#         88
  C:227DH         LINE#         89
  C:227DH         LINE#         90
  C:227FH         LINE#         91
  -------         ENDPROC       _IRPRINT
  -------         PROC          GETIRSTATUS
  C:2602H         LINE#         93
  C:2602H         LINE#         94
  C:261BH         LINE#         95
  C:261DH         LINE#         96
  -------         ENDPROC       GETIRSTATUS
  -------         ENDMOD        IR

  -------         MODULE        UART2
  C:0000H         SYMBOL        _ICE_DUMMY_
  D:0078H         PUBLIC        ModBus_Interval_Min
  D:0080H         PUBLIC        P0
  C:0EEFH         PUBLIC        Uart2_isr
  D:0090H         PUBLIC        P1
  D:00A0H         PUBLIC        P2
  D:00B0H         PUBLIC        P3
  D:00C0H         PUBLIC        P4
  D:00C8H         PUBLIC        P5
  D:00E8H         PUBLIC        P6
  D:00F8H         PUBLIC        P7
  D:00BAH         PUBLIC        P_SW2
  D:00A8H         PUBLIC        IE
  D:00DBH         PUBLIC        CCAPM1
  D:00B8H         PUBLIC        IP
  C:0029H         PUBLIC        _?nullfunc0
  D:00D8H         PUBLIC        CCON
  C:238CH         PUBLIC        _SetUart2Rxd
  B:0090H.0       PUBLIC        P10
  B:0090H.1       PUBLIC        P11
  D:0098H         PUBLIC        SCON
  D:0088H         PUBLIC        TCON
  D:00AFH         PUBLIC        IE2
  D:008EH         PUBLIC        AUXR
  C:2729H         PUBLIC        GetUart2TxStatus
  D:00D6H         PUBLIC        T2H
  B:00B0H.7       PUBLIC        M485_TxEn
  D:00D7H         PUBLIC        T2L
  C:23EEH         PUBLIC        _Uart2Print
  D:009BH         PUBLIC        S2BUF
  D:009AH         PUBLIC        S2CON
  C:1977H         PUBLIC        _Uart2Init
  D:0079H         PUBLIC        Uart2usage
  C:26BEH         PUBLIC        _?sys_get_Uart2RxdEvent
  X:008CH         PUBLIC        com2
  D:00D0H         PUBLIC        PSW
  -------         PROC          UART2_ISR
  C:0EEFH         LINE#         19
  C:0F0CH         LINE#         20
  C:0F11H         LINE#         21
  C:0F14H         LINE#         22
BL51 BANKED LINKER/LOCATER V6.22                                                      12/20/2023  22:18:27  PAGE 40


  C:0F48H         LINE#         24
  C:0F4DH         LINE#         25
  C:0F53H         LINE#         26
  C:0F53H         LINE#         27
  C:0F53H         LINE#         29
  C:0F5BH         LINE#         30
  C:0F5EH         LINE#         31
  C:0F61H         LINE#         32
  C:0F63H         LINE#         33
  C:0F6AH         LINE#         34
  C:0F6CH         LINE#         35
  C:0F6CH         LINE#         36
  C:0F75H         LINE#         37
  C:0F89H         LINE#         38
  C:0F9DH         LINE#         39
  C:0FACH         LINE#         40
  C:0FBAH         LINE#         41
  C:0FECH         LINE#         42
  C:0FFAH         LINE#         43
  C:0FFAH         LINE#         44
  C:0FFDH         LINE#         45
  C:1000H         LINE#         47
  C:1014H         LINE#         48
  C:1028H         LINE#         49
  C:1037H         LINE#         50
  C:1045H         LINE#         51
  C:107DH         LINE#         52
  C:108BH         LINE#         53
  C:108BH         LINE#         54
  C:10A6H         LINE#         55
  C:10A6H         LINE#         56
  C:10A6H         LINE#         57
  -------         ENDPROC       UART2_ISR
  -------         PROC          _?SYS_GET_UART2RXDEVENT
  -------         DO            
  i:0000H         SYMBOL        a
  -------         ENDDO         
  C:26BEH         LINE#         59
  C:26C0H         LINE#         61
  C:26C8H         LINE#         62
  C:26CAH         LINE#         63
  C:26CAH         LINE#         64
  -------         ENDPROC       _?SYS_GET_UART2RXDEVENT
  -------         PROC          _?NULLFUNC0
  C:0029H         LINE#         66
  -------         ENDPROC       _?NULLFUNC0
  -------         PROC          _UART2INIT
  D:005EH         SYMBOL        band
  D:0062H         SYMBOL        Uart2mode
  C:1977H         LINE#         68
  C:197FH         LINE#         69
  C:197FH         LINE#         72
  C:1982H         LINE#         73
  C:1988H         LINE#         74
  C:198BH         LINE#         75
  C:198FH         LINE#         76
  C:199DH         LINE#         77
BL51 BANKED LINKER/LOCATER V6.22                                                      12/20/2023  22:18:27  PAGE 41


  C:19A0H         LINE#         78
  C:19A2H         LINE#         79
  C:19A4H         LINE#         80
  C:19A6H         LINE#         82
  C:19A8H         LINE#         83
  C:19BCH         LINE#         84
  C:19C3H         LINE#         85
  C:19C6H         LINE#         86
  C:19C6H         LINE#         88
  C:19C9H         LINE#         89
  C:19E8H         LINE#         90
  C:1A17H         LINE#         91
  C:1A1AH         LINE#         92
  C:1A1DH         LINE#         93
  C:1A2BH         LINE#         94
  -------         ENDPROC       _UART2INIT
  -------         PROC          _SETUART2RXD
  D:0001H         SYMBOL        RxdPt
  D:0004H         SYMBOL        Nmax
  D:0063H         SYMBOL        matchhead
  D:0066H         SYMBOL        matchheadsize
  C:238CH         LINE#         96
  C:238CH         LINE#         97
  C:2397H         LINE#         98
  C:239DH         LINE#         99
  C:23A7H         LINE#         100
  C:23B5H         LINE#         101
  C:23B7H         LINE#         102
  C:23BCH         LINE#         103
  -------         ENDPROC       _SETUART2RXD
  -------         PROC          _UART2PRINT
  D:0001H         SYMBOL        pt
  D:0004H         SYMBOL        num
  C:23EEH         LINE#         105
  C:23EEH         LINE#         106
  C:23F4H         LINE#         107
  C:23FFH         LINE#         108
  C:2404H         LINE#         109
  C:240AH         LINE#         110
  C:240EH         LINE#         112
  C:2414H         LINE#         113
  C:2417H         LINE#         114
  C:241AH         LINE#         115
  C:241AH         LINE#         116
  C:241CH         LINE#         117
  -------         ENDPROC       _UART2PRINT
  -------         PROC          GETUART2TXSTATUS
  C:2729H         LINE#         119
  C:2729H         LINE#         120
  C:2731H         LINE#         121
  C:2733H         LINE#         122
  -------         ENDPROC       GETUART2TXSTATUS
  -------         ENDMOD        UART2

  -------         MODULE        UART1
  C:0000H         SYMBOL        _ICE_DUMMY_
  C:126DH         PUBLIC        Uart1_isr
BL51 BANKED LINKER/LOCATER V6.22                                                      12/20/2023  22:18:27  PAGE 42


  D:0080H         PUBLIC        P0
  D:0090H         PUBLIC        P1
  D:00A0H         PUBLIC        P2
  D:00B0H         PUBLIC        P3
  D:00C0H         PUBLIC        P4
  D:00C8H         PUBLIC        P5
  D:00E8H         PUBLIC        P6
  D:00F8H         PUBLIC        P7
  D:00A8H         PUBLIC        IE
  B:00A8H.4       PUBLIC        ES
  D:00B8H         PUBLIC        IP
  B:0098H.0       PUBLIC        RI
  B:0098H.1       PUBLIC        TI
  D:00D8H         PUBLIC        CCON
  C:23BDH         PUBLIC        _SetUart1Rxd
  D:0099H         PUBLIC        SBUF
  D:0098H         PUBLIC        SCON
  D:0089H         PUBLIC        TMOD
  D:0088H         PUBLIC        TCON
  D:008EH         PUBLIC        AUXR
  C:2734H         PUBLIC        GetUart1TxStatus
  B:00A8H.3       PUBLIC        ET1
  D:008DH         PUBLIC        TH1
  D:008BH         PUBLIC        TL1
  B:0088H.6       PUBLIC        TR1
  C:2498H         PUBLIC        _Uart1Print
  C:1E6FH         PUBLIC        _Uart1Init
  C:26CDH         PUBLIC        _?sys_get_Uart1RxdEvent
  X:00A1H         PUBLIC        com1
  D:00D0H         PUBLIC        PSW
  -------         PROC          UART1_ISR
  C:126DH         LINE#         10
  C:128AH         LINE#         11
  C:128DH         LINE#         12
  C:128FH         LINE#         13
  C:12C3H         LINE#         14
  C:12C8H         LINE#         15
  C:12C8H         LINE#         16
  C:12CEH         LINE#         17
  C:12D0H         LINE#         18
  C:12D3H         LINE#         19
  C:12D5H         LINE#         20
  C:12DCH         LINE#         21
  C:12DCH         LINE#         22
  C:12F0H         LINE#         23
  C:1304H         LINE#         24
  C:1313H         LINE#         25
  C:1321H         LINE#         26
  C:1359H         LINE#         27
  C:1367H         LINE#         28
  C:1367H         LINE#         29
  C:1382H         LINE#         30
  C:1382H         LINE#         31
  -------         ENDPROC       UART1_ISR
  -------         PROC          _?SYS_GET_UART1RXDEVENT
  -------         DO            
  i:0000H         SYMBOL        a
BL51 BANKED LINKER/LOCATER V6.22                                                      12/20/2023  22:18:27  PAGE 43


  -------         ENDDO         
  C:26CDH         LINE#         33
  C:26CFH         LINE#         35
  C:26D7H         LINE#         36
  C:26D9H         LINE#         37
  C:26D9H         LINE#         38
  -------         ENDPROC       _?SYS_GET_UART1RXDEVENT
  -------         PROC          _UART1INIT
  D:005EH         SYMBOL        band
  C:1E6FH         LINE#         40
  C:1E77H         LINE#         41
  C:1E77H         LINE#         43
  C:1E7AH         LINE#         44
  C:1E7DH         LINE#         45
  C:1E80H         LINE#         46
  C:1E83H         LINE#         47
  C:1EA2H         LINE#         48
  C:1ED1H         LINE#         49
  C:1ED3H         LINE#         50
  C:1ED5H         LINE#         51
  C:1ED7H         LINE#         52
  C:1EE5H         LINE#         53
  -------         ENDPROC       _UART1INIT
  -------         PROC          _SETUART1RXD
  D:0001H         SYMBOL        RxdPt
  D:0004H         SYMBOL        Nmax
  D:0063H         SYMBOL        matchhead
  D:0066H         SYMBOL        matchheadsize
  C:23BDH         LINE#         55
  C:23BDH         LINE#         56
  C:23C8H         LINE#         57
  C:23CEH         LINE#         58
  C:23D8H         LINE#         59
  C:23E6H         LINE#         60
  C:23E8H         LINE#         61
  C:23EDH         LINE#         62
  -------         ENDPROC       _SETUART1RXD
  -------         PROC          _UART1PRINT
  D:0001H         SYMBOL        pt
  D:0004H         SYMBOL        num
  C:2498H         LINE#         64
  C:2498H         LINE#         65
  C:249EH         LINE#         66
  C:24A9H         LINE#         67
  C:24AEH         LINE#         68
  C:24B4H         LINE#         69
  C:24B8H         LINE#         70
  C:24BAH         LINE#         71
  C:24BDH         LINE#         72
  C:24BDH         LINE#         73
  C:24BFH         LINE#         74
  -------         ENDPROC       _UART1PRINT
  -------         PROC          GETUART1TXSTATUS
  C:2734H         LINE#         76
  C:2734H         LINE#         77
  C:273CH         LINE#         78
  C:273EH         LINE#         79
BL51 BANKED LINKER/LOCATER V6.22                                                      12/20/2023  22:18:27  PAGE 44


  -------         ENDPROC       GETUART1TXSTATUS
  -------         ENDMOD        UART1

  -------         MODULE        ?C?COPY
  C:0A1BH         PUBLIC        ?C?COPY
  -------         ENDMOD        ?C?COPY

  -------         MODULE        ?C?CLDPTR
  C:0A41H         PUBLIC        ?C?CLDPTR
  -------         ENDMOD        ?C?CLDPTR

  -------         MODULE        ?C?CLDOPTR
  C:0A5AH         PUBLIC        ?C?CLDOPTR
  -------         ENDMOD        ?C?CLDOPTR

  -------         MODULE        ?C?CSTOPTR
  C:0A87H         PUBLIC        ?C?CSTOPTR
  -------         ENDMOD        ?C?CSTOPTR

  -------         MODULE        ?C?IMUL
  C:0AA9H         PUBLIC        ?C?IMUL
  -------         ENDMOD        ?C?IMUL

  -------         MODULE        ?C?UIDIV
  C:0ABBH         PUBLIC        ?C?UIDIV
  -------         ENDMOD        ?C?UIDIV

  -------         MODULE        ?C?ILDIX
  C:0B10H         PUBLIC        ?C?ILDIX
  -------         ENDMOD        ?C?ILDIX

  -------         MODULE        ?C?ILDPTR
  C:0B26H         PUBLIC        ?C?ILDPTR
  -------         ENDMOD        ?C?ILDPTR

  -------         MODULE        ?C?LMUL
  C:0B51H         PUBLIC        ?C?LMUL
  -------         ENDMOD        ?C?LMUL

  -------         MODULE        ?C?ULDIV
  C:0BDCH         PUBLIC        ?C?ULDIV
  -------         ENDMOD        ?C?ULDIV

  -------         MODULE        ?C?SLDIV
  C:217EH         PUBLIC        ?C?SLDIV
  -------         ENDMOD        ?C?SLDIV

  -------         MODULE        ?C?ULSHR
  C:0C6EH         PUBLIC        ?C?ULSHR
  -------         ENDMOD        ?C?ULSHR

  -------         MODULE        ?C?SLSHR
  C:0C81H         PUBLIC        ?C?SLSHR
  -------         ENDMOD        ?C?SLSHR

  -------         MODULE        ?C?LLDCODE
  C:0C95H         PUBLIC        ?C?LLDCODE
BL51 BANKED LINKER/LOCATER V6.22                                                      12/20/2023  22:18:27  PAGE 45


  -------         ENDMOD        ?C?LLDCODE

  -------         MODULE        ?C?LSTXDATA
  C:0CA5H         PUBLIC        ?C?LSTXDATA
  -------         ENDMOD        ?C?LSTXDATA

  -------         MODULE        ?C?OFFXADD
  C:0CB1H         PUBLIC        ?C?OFFXADD
  -------         ENDMOD        ?C?OFFXADD

  -------         MODULE        ?C?ICALL
  C:0CBDH         PUBLIC        ?C?ICALL
  C:0CC1H         PUBLIC        ?C?ICALL2
  -------         ENDMOD        ?C?ICALL

  -------         MODULE        ?C_IBP
  D:007BH         PUBLIC        ?C_IBP
  -------         ENDMOD        ?C_IBP

*** WARNING L16: UNCALLED SEGMENT, IGNORED FOR OVERLAY PROCESS
    SEGMENT: ?PR?GETBEEPSTATUS?BEEP

*** WARNING L16: UNCALLED SEGMENT, IGNORED FOR OVERLAY PROCESS
    SEGMENT: ?PR?GETULTRASONIC?SYS

*** WARNING L16: UNCALLED SEGMENT, IGNORED FOR OVERLAY PROCESS
    SEGMENT: ?PR?GETSYSPERFORMANCE?SYS

*** WARNING L16: UNCALLED SEGMENT, IGNORED FOR OVERLAY PROCESS
    SEGMENT: ?PR?_SETIRRXD?IR

*** WARNING L16: UNCALLED SEGMENT, IGNORED FOR OVERLAY PROCESS
    SEGMENT: ?PR?GETIRRXNUM?IR

*** WARNING L16: UNCALLED SEGMENT, IGNORED FOR OVERLAY PROCESS
    SEGMENT: ?PR?_IRTXDSET?IR

*** WARNING L16: UNCALLED SEGMENT, IGNORED FOR OVERLAY PROCESS
    SEGMENT: ?PR?GETIRSTATUS?IR

*** WARNING L16: UNCALLED SEGMENT, IGNORED FOR OVERLAY PROCESS
    SEGMENT: ?PR?GETUART2TXSTATUS?UART2

*** WARNING L16: UNCALLED SEGMENT, IGNORED FOR OVERLAY PROCESS
    SEGMENT: ?PR?GETUART1TXSTATUS?UART1

Program Size: data=125.0 xdata=213 code=10117
LINK/LOCATE RUN COMPLETE.  9 WARNING(S),  0 ERROR(S)
